 Scheme4_cgxe

 Timestamp is 674c62ce (Sun Dec  1 16:21:18 2024)

 Preferred load address is 0000000180000000

 Start         Length     Name                   Class
 0001:00000000 000102c0H .text$mn                CODE
 0001:000102c0 00000036H .text$mn$00             CODE
 0001:000102f6 00000092H .text$x                 CODE
 0002:00000000 00000348H .idata$5                DATA
 0002:00000348 00000038H .00cfg                  DATA
 0002:00000380 00000008H .CRT$XCA                DATA
 0002:00000388 00000008H .CRT$XCZ                DATA
 0002:00000390 00000008H .CRT$XIA                DATA
 0002:00000398 00000008H .CRT$XIZ                DATA
 0002:000003a0 00000008H .CRT$XPA                DATA
 0002:000003a8 00000008H .CRT$XPZ                DATA
 0002:000003b0 00000008H .CRT$XTA                DATA
 0002:000003b8 00000008H .CRT$XTZ                DATA
 0002:000003c0 00000000H .gehcont$y              DATA
 0002:000003c0 00000000H .gfids$y                DATA
 0002:000003c0 000004c0H .rdata                  DATA
 0002:00000880 00000080H .rdata$CastGuardVftablesA DATA
 0002:00000900 00000080H .rdata$CastGuardVftablesC DATA
 0002:00000980 0000016cH .rdata$voltmd           DATA
 0002:00000aec 0000027cH .rdata$zzzdbg           DATA
 0002:00000d68 00000008H .rtc$IAA                DATA
 0002:00000d70 00000008H .rtc$IZZ                DATA
 0002:00000d78 00000008H .rtc$TAA                DATA
 0002:00000d80 00000008H .rtc$TZZ                DATA
 0002:00000d88 00000898H .xdata                  DATA
 0002:00001620 00000078H .edata                  DATA
 0002:00001698 000000f0H .idata$2                DATA
 0002:00001788 00000018H .idata$3                DATA
 0002:000017a0 00000348H .idata$4                DATA
 0002:00001ae8 0000089aH .idata$6                DATA
 0003:00000000 00006370H .data                   DATA
 0003:00006370 00000620H .bss                    DATA
 0004:00000000 000009f0H .pdata                  DATA

  Address         Publics by Value              Rva+Base               Lib:Object

 0000:00000000       __AbsoluteZero             0000000000000000     <absolute>
 0000:00000000       ___safe_se_handler_count   0000000000000000     <absolute>
 0000:00000000       ___safe_se_handler_table   0000000000000000     <absolute>
 0000:00000000       __arm64x_extra_rfe_table   0000000000000000     <absolute>
 0000:00000000       __arm64x_extra_rfe_table_size 0000000000000000     <absolute>
 0000:00000000       __arm64x_native_entrypoint 0000000000000000     <absolute>
 0000:00000000       __arm64x_redirection_metadata 0000000000000000     <absolute>
 0000:00000000       __arm64x_redirection_metadata_count 0000000000000000     <absolute>
 0000:00000000       __dynamic_value_reloc_table 0000000000000000     <absolute>
 0000:00000000       __enclave_config           0000000000000000     <absolute>
 0000:00000000       __guard_check_icall_a64n_fptr 0000000000000000     <absolute>
 0000:00000000       __guard_eh_cont_count      0000000000000000     <absolute>
 0000:00000000       __guard_eh_cont_table      0000000000000000     <absolute>
 0000:00000000       __guard_fids_count         0000000000000000     <absolute>
 0000:00000000       __guard_fids_table         0000000000000000     <absolute>
 0000:00000000       __guard_iat_count          0000000000000000     <absolute>
 0000:00000000       __guard_iat_table          0000000000000000     <absolute>
 0000:00000000       __guard_longjmp_count      0000000000000000     <absolute>
 0000:00000000       __guard_longjmp_table      0000000000000000     <absolute>
 0000:00000000       __hybrid_auxiliary_iat     0000000000000000     <absolute>
 0000:00000000       __hybrid_auxiliary_iat_copy 0000000000000000     <absolute>
 0000:00000000       __hybrid_code_map          0000000000000000     <absolute>
 0000:00000000       __hybrid_code_map_count    0000000000000000     <absolute>
 0000:00000000       __x64_code_ranges_to_entry_points 0000000000000000     <absolute>
 0000:00000000       __x64_code_ranges_to_entry_points_count 0000000000000000     <absolute>
 0000:00000100       __guard_flags              0000000000000100     <absolute>
 0000:00000000       __ImageBase                0000000180000000     <linker-defined>
 0001:00000000       mexfilerequiredapiversion  0000000180001000 f   c_mexapi_version.obj
 0001:00000030       cgxe_Scheme4_method_dispatcher 0000000180001030 f   Scheme4_cgxe.obj
 0001:00000110       method_dispatcher_F6Yw7f4GZAlqQDbENKozUG 0000000180001110 f   m_F6Yw7f4GZAlqQDbENKozUG.obj
 0001:00005cd0       cgxe_F6Yw7f4GZAlqQDbENKozUG_BuildInfoUpdate 0000000180006cd0 f   m_F6Yw7f4GZAlqQDbENKozUG.obj
 0001:00005f70       cgxe_F6Yw7f4GZAlqQDbENKozUG_fallback_info 0000000180006f70 f   m_F6Yw7f4GZAlqQDbENKozUG.obj
 0001:00006010       mexFunction                0000000180007010 f   Scheme4_cgxe_registry.obj
 0001:00007e80       _ssSetInputPortDirectFeedThroughFcn 0000000180008e80 f   Scheme4_cgxe_registry.obj
 0001:00007ff0       _ssSetRWorkValueFcn        0000000180008ff0 f   Scheme4_cgxe_registry.obj
 0001:00008070       _ssGetRWorkValueFcn        0000000180009070 f   Scheme4_cgxe_registry.obj
 0001:000080e0       _ssSetIWorkValueFcn        00000001800090e0 f   Scheme4_cgxe_registry.obj
 0001:00008160       _ssGetIWorkValueFcn        0000000180009160 f   Scheme4_cgxe_registry.obj
 0001:000081d0       _ssSetPWorkValueFcn        00000001800091d0 f   Scheme4_cgxe_registry.obj
 0001:00008250       _ssGetPWorkValueFcn        0000000180009250 f   Scheme4_cgxe_registry.obj
 0001:000082c0       _ssGetInputPortSignalFcn   00000001800092c0 f   Scheme4_cgxe_registry.obj
 0001:00008650       _ssGetInputPortBufferDstPortFcn 0000000180009650 f   Scheme4_cgxe_registry.obj
 0001:000086d0       _ssGetInputPortSignalPtrsFcn 00000001800096d0 f   Scheme4_cgxe_registry.obj
 0001:00008a60       ssGetParameterTuningCompliance 0000000180009a60 f   Scheme4_cgxe_registry.obj
 0001:00008ad0       _ssReadInputStringFcn      0000000180009ad0 f   Scheme4_cgxe_registry.obj
 0001:00008b40       ssGetDTypeIdFromMxArray    0000000180009b40 f   Scheme4_cgxe_registry.obj
 0001:00008c60       ssWriteRTWMx2dMatParam     0000000180009c60 f   Scheme4_cgxe_registry.obj
 0001:00008cf0       ssWriteRTWMxVectParam      0000000180009cf0 f   Scheme4_cgxe_registry.obj
 0001:00008d70       ssWriteRTWParameters       0000000180009d70 f   Scheme4_cgxe_registry.obj
 0001:00009330       ssWriteRTWParamSettings    000000018000a330 f   Scheme4_cgxe_registry.obj
 0001:00009a20       ssWriteRTWStr              000000018000aa20 f   Scheme4_cgxe_registry.obj
 0001:00009a80       ssWriteRTWWorkVect         000000018000aa80 f   Scheme4_cgxe_registry.obj
 0001:00009fe0       ssWarning                  000000018000afe0 f   Scheme4_cgxe_registry.obj
 0001:0000a0d0       ssGetRootSS                000000018000b0d0 f   Scheme4_cgxe_registry.obj
 0001:0000a190       ssGetParentSS              000000018000b190 f   Scheme4_cgxe_registry.obj
 0001:0000a250       ssWriteRTWNameValuePair    000000018000b250 f   Scheme4_cgxe_registry.obj
 0001:0000a750       _ssSetInputPortMatrixDimensions 000000018000b750 f   Scheme4_cgxe_registry.obj
 0001:0000a8a0       _ssSetOutputPortMatrixDimensions 000000018000b8a0 f   Scheme4_cgxe_registry.obj
 0001:0000a9f0       _ssSetInputPortVectorDimension 000000018000b9f0 f   Scheme4_cgxe_registry.obj
 0001:0000aaa0       _ssSetOutputPortVectorDimension 000000018000baa0 f   Scheme4_cgxe_registry.obj
 0001:0000ab50       ssIsRunTimeParamTunable    000000018000bb50 f   Scheme4_cgxe_registry.obj
 0001:0000abc0       ssGetSFuncBlockHandle      000000018000bbc0 f   Scheme4_cgxe_registry.obj
 0001:0000ac30       _ssGetCallSystemNumFcnCallDestinations 000000018000bc30 f   Scheme4_cgxe_registry.obj
 0001:0000aca0       _ssGetCurrentInputPortWidth 000000018000bca0 f   Scheme4_cgxe_registry.obj
 0001:0000ade0       _ssGetCurrentOutputPortWidth 000000018000bde0 f   Scheme4_cgxe_registry.obj
 0001:0000af20       ssGetIsZeroCrossControlDisabled 000000018000bf20 f   Scheme4_cgxe_registry.obj
 0001:0000af90       ssSetIsInputPortUsedForContZcSignal 000000018000bf90 f   Scheme4_cgxe_registry.obj
 0001:0000b000       ssSetZcSignalIsZcElementDisc 000000018000c000 f   Scheme4_cgxe_registry.obj
 0001:0000b0b0       ssSetZcSignalName          000000018000c0b0 f   Scheme4_cgxe_registry.obj
 0001:0000b120       ssSetZcSignalWidth         000000018000c120 f   Scheme4_cgxe_registry.obj
 0001:0000b190       ssSetZcSignalZcEventType   000000018000c190 f   Scheme4_cgxe_registry.obj
 0001:0000b200       ssSetZcSignalType          000000018000c200 f   Scheme4_cgxe_registry.obj
 0001:0000b270       ssSetZcSignalZcTol         000000018000c270 f   Scheme4_cgxe_registry.obj
 0001:0000b2e0       ssSetZcSignalNeedsEventNotification 000000018000c2e0 f   Scheme4_cgxe_registry.obj
 0001:0000b350       ssCreateAndAddZcSignalInfo 000000018000c350 f   Scheme4_cgxe_registry.obj
 0001:0000b3c0       ssCloneAndAddZcSignalInfo  000000018000c3c0 f   Scheme4_cgxe_registry.obj
 0001:0000b430       ssGetNumZcSignals          000000018000c430 f   Scheme4_cgxe_registry.obj
 0001:0000b4a0       ssGetZcSignalVector        000000018000c4a0 f   Scheme4_cgxe_registry.obj
 0001:0000b510       ssGetZcSignalName          000000018000c510 f   Scheme4_cgxe_registry.obj
 0001:0000b580       ssGetZcSignalWidth         000000018000c580 f   Scheme4_cgxe_registry.obj
 0001:0000b5f0       ssGetZcSignalZcEventType   000000018000c5f0 f   Scheme4_cgxe_registry.obj
 0001:0000b660       ssGetZcSignalZcEvents      000000018000c660 f   Scheme4_cgxe_registry.obj
 0001:0000b6d0       ssGetZcSignalType          000000018000c6d0 f   Scheme4_cgxe_registry.obj
 0001:0000b740       ssGetZcSignalZcTol         000000018000c740 f   Scheme4_cgxe_registry.obj
 0001:0000b7c0       ssGetZcSignalNeedsEventNotification 000000018000c7c0 f   Scheme4_cgxe_registry.obj
 0001:0000b830       ssGetZcSignalIsZcElementDisc 000000018000c830 f   Scheme4_cgxe_registry.obj
 0001:0000b8d0       ssGetIsInputPortElementContinuous 000000018000c8d0 f   Scheme4_cgxe_registry.obj
 0001:0000b970       _ssGetAbsTol               000000018000c970 f   Scheme4_cgxe_registry.obj
 0001:0000b9e0       _ssSetStateAbsTol          000000018000c9e0 f   Scheme4_cgxe_registry.obj
 0001:0000bac0       _ssSetInputPortReusableFcn 000000018000cac0 f   Scheme4_cgxe_registry.obj
 0001:0000bbc0       _ssSetOutputPortReusableFcn 000000018000cbc0 f   Scheme4_cgxe_registry.obj
 0001:0000bcc0       _ssSetSymbolicDimsSupport  000000018000ccc0 f   Scheme4_cgxe_registry.obj
 0001:0000bd30       _ssRegisterSymbolicDimsExpr 000000018000cd30 f   Scheme4_cgxe_registry.obj
 0001:0000bdb0       _ssRegisterSymbolicDimsMATLABExpr 000000018000cdb0 f   Scheme4_cgxe_registry.obj
 0001:0000be40       _ssRegisterSymbolicDims    000000018000ce40 f   Scheme4_cgxe_registry.obj
 0001:0000bee0       _ssRegisterSymbolicDimsString 000000018000cee0 f   Scheme4_cgxe_registry.obj
 0001:0000bf60       _ssRegisterSymbolicDimsIntValue 000000018000cf60 f   Scheme4_cgxe_registry.obj
 0001:0000bfd0       _ssRegisterSymbolicEqualRelation 000000018000cfd0 f   Scheme4_cgxe_registry.obj
 0001:0000c040       _ssRegisterSymbolicEqualValue 000000018000d040 f   Scheme4_cgxe_registry.obj
 0001:0000c0b0       _ssAmendLeadingSymbolicDims 000000018000d0b0 f   Scheme4_cgxe_registry.obj
 0001:0000c130       _ssAmendTrailingSymbolicDims 000000018000d130 f   Scheme4_cgxe_registry.obj
 0001:0000c1b0       _ssRegisterSymbolicDimsPlus 000000018000d1b0 f   Scheme4_cgxe_registry.obj
 0001:0000c230       _ssRegisterSymbolicDimsMinus 000000018000d230 f   Scheme4_cgxe_registry.obj
 0001:0000c2b0       _ssRegisterSymbolicDimsMultiply 000000018000d2b0 f   Scheme4_cgxe_registry.obj
 0001:0000c330       _ssRegisterSymbolicDimsDivide 000000018000d330 f   Scheme4_cgxe_registry.obj
 0001:0000c3b0       _ssGetNumSymbolicDims      000000018000d3b0 f   Scheme4_cgxe_registry.obj
 0001:0000c420       _ssGetSymbolicDim          000000018000d420 f   Scheme4_cgxe_registry.obj
 0001:0000c4a0       _ssSetInputPortSymbolicDimsId 000000018000d4a0 f   Scheme4_cgxe_registry.obj
 0001:0000c510       _ssGetCompInputPortSymbolicDimsId 000000018000d510 f   Scheme4_cgxe_registry.obj
 0001:0000c580       _ssSetCompInputPortSymbolicDimsId 000000018000d580 f   Scheme4_cgxe_registry.obj
 0001:0000c5f0       _ssSetOutputPortSymbolicDimsId 000000018000d5f0 f   Scheme4_cgxe_registry.obj
 0001:0000c660       _ssGetCompOutputPortSymbolicDimsId 000000018000d660 f   Scheme4_cgxe_registry.obj
 0001:0000c6d0       _ssSetCompOutputPortSymbolicDimsId 000000018000d6d0 f   Scheme4_cgxe_registry.obj
 0001:0000c740       _ssGetDWorkSymbolicDimsId  000000018000d740 f   Scheme4_cgxe_registry.obj
 0001:0000c7b0       _ssSetDWorkSymbolicDimsId  000000018000d7b0 f   Scheme4_cgxe_registry.obj
 0001:0000c820       _ssGetCompDWorkSymbolicDimsId 000000018000d820 f   Scheme4_cgxe_registry.obj
 0001:0000c890       _ssSetCompDWorkSymbolicDimsId 000000018000d890 f   Scheme4_cgxe_registry.obj
 0001:0000c900       _ssCreateSLCGStringBuffer  000000018000d900 f   Scheme4_cgxe_registry.obj
 0001:0000c970       _ssAddToSLCGStringBuffer   000000018000d970 f   Scheme4_cgxe_registry.obj
 0001:0000c9e0       _ssGetPointerContainedData 000000018000d9e0 f   Scheme4_cgxe_registry.obj
 0001:0000ca70       _ssGetPointerContainedDataWidth 000000018000da70 f   Scheme4_cgxe_registry.obj
 0001:0000cb00       _ssRegisterDynamicArrayDataTypeFcn 000000018000db00 f   Scheme4_cgxe_registry.obj
 0001:0000cba0       _ssGetDynamicArrayContainedDataCurrentWidthFcn 000000018000dba0 f   Scheme4_cgxe_registry.obj
 0001:0000cc70       _ssGetDynamicArrayContainedDataFcn 000000018000dc70 f   Scheme4_cgxe_registry.obj
 0001:0000cd40       _ssGetInputPortDynamicArrayDataFcn 000000018000dd40 f   Scheme4_cgxe_registry.obj
 0001:0000ce00       _ssGetOutputPortDynamicArrayDataFcn 000000018000de00 f   Scheme4_cgxe_registry.obj
 0001:0000cec0       _ssGetInputPortDynamicArrayContainedDataFcn 000000018000dec0 f   Scheme4_cgxe_registry.obj
 0001:0000cf80       _ssGetOutputPortDynamicArrayContainedDataFcn 000000018000df80 f   Scheme4_cgxe_registry.obj
 0001:0000d040       _ssGetDynamicArrayDWorkContainedDataFcn 000000018000e040 f   Scheme4_cgxe_registry.obj
 0001:0000eb30       __local_stdio_printf_options 000000018000fb30 f i Scheme4_cgxe_registry.obj
 0001:0000eb40       _vsnprintf_l               000000018000fb40 f i Scheme4_cgxe_registry.obj
 0001:0000ebc0       _vsprintf_l                000000018000fbc0 f i Scheme4_cgxe_registry.obj
 0001:0000ec10       sprintf                    000000018000fc10 f i Scheme4_cgxe_registry.obj
 0001:0000ec5f       mxGetPr_800                000000018000fc5f f   libmx:libmx.dll
 0001:0000ec65       mxSetCell_800              000000018000fc65 f   libmx:libmx.dll
 0001:0000ec6b       mxSetFieldByNumber_800     000000018000fc6b f   libmx:libmx.dll
 0001:0000ec71       mxCreateDoubleMatrix_800   000000018000fc71 f   libmx:libmx.dll
 0001:0000ec77       mxCreateString_800         000000018000fc77 f   libmx:libmx.dll
 0001:0000ec7d       mxCreateCellMatrix_800     000000018000fc7d f   libmx:libmx.dll
 0001:0000ec83       mxCreateStructMatrix_800   000000018000fc83 f   libmx:libmx.dll
 0001:0000ec89       mxGetNaN_800               000000018000fc89 f   libmx:libmx.dll
 0001:0000ec8f       mxCalloc_800               000000018000fc8f f   libmx:libmx.dll
 0001:0000ec95       mxGetM_800                 000000018000fc95 f   libmx:libmx.dll
 0001:0000ec9b       mxGetClassID_800           000000018000fc9b f   libmx:libmx.dll
 0001:0000eca1       mxGetData_800              000000018000fca1 f   libmx:libmx.dll
 0001:0000eca7       mxIsNumeric_800            000000018000fca7 f   libmx:libmx.dll
 0001:0000ecad       mxIsChar_800               000000018000fcad f   libmx:libmx.dll
 0001:0000ecb3       mxIsComplex_800            000000018000fcb3 f   libmx:libmx.dll
 0001:0000ecb9       mxGetN_800                 000000018000fcb9 f   libmx:libmx.dll
 0001:0000ecbf       mxSetField_800             000000018000fcbf f   libmx:libmx.dll
 0001:0000ecc5       mxCreateNumericMatrix_800  000000018000fcc5 f   libmx:libmx.dll
 0001:0000eccb       mxCreateDoubleScalar_800   000000018000fccb f   libmx:libmx.dll
 0001:0000ecd1       mxGetString_800            000000018000fcd1 f   libmx:libmx.dll
 0001:0000ecd7       mexWarnMsgTxt_800          000000018000fcd7 f   libmex:libmex.dll
 0001:0000ecdd       mexPrintf_800              000000018000fcdd f   libmex:libmex.dll
 0001:0000ece3       mexCallMATLAB_800          000000018000fce3 f   libmex:libmex.dll
 0001:0000ece9       mexUnlock_800              000000018000fce9 f   libmex:libmex.dll
 0001:0000ecef       mexIsLocked_800            000000018000fcef f   libmex:libmex.dll
 0001:0000ecf5       muDoubleScalarAbs          000000018000fcf5 f   libmwmathutil:libmwmathutil.dll
 0001:0000ecfb       muDoubleScalarCeil         000000018000fcfb f   libmwmathutil:libmwmathutil.dll
 0001:0000ed01       muDoubleScalarFloor        000000018000fd01 f   libmwmathutil:libmwmathutil.dll
 0001:0000ed07       muDoubleScalarRound        000000018000fd07 f   libmwmathutil:libmwmathutil.dll
 0001:0000ed0d       muDoubleScalarExp          000000018000fd0d f   libmwmathutil:libmwmathutil.dll
 0001:0000ed13       muDoubleScalarLog          000000018000fd13 f   libmwmathutil:libmwmathutil.dll
 0001:0000ed19       muDoubleScalarPower        000000018000fd19 f   libmwmathutil:libmwmathutil.dll
 0001:0000ed1f       muDoubleScalarSqrt         000000018000fd1f f   libmwmathutil:libmwmathutil.dll
 0001:0000ed25       muDoubleScalarRem          000000018000fd25 f   libmwmathutil:libmwmathutil.dll
 0001:0000ed2b       muDoubleScalarIsNaN        000000018000fd2b f   libmwmathutil:libmwmathutil.dll
 0001:0000ed31       muDoubleScalarIsInf        000000018000fd31 f   libmwmathutil:libmwmathutil.dll
 0001:0000ed37       emlrtLicenseCheckR2022a    000000018000fd37 f   libemlrt:libemlrt.dll
 0001:0000ed3d       emlrtAssign                000000018000fd3d f   libemlrt:libemlrt.dll
 0001:0000ed43       emlrtCreateCharArray       000000018000fd43 f   libemlrt:libemlrt.dll
 0001:0000ed49       emlrtCallMATLABR2012b      000000018000fd49 f   libemlrt:libemlrt.dll
 0001:0000ed4f       emlrtInitCharArrayR2013a   000000018000fd4f f   libemlrt:libemlrt.dll
 0001:0000ed55       cgxertGetInputPortSignal   000000018000fd55 f   libmwcgxert:libmwcgxert.dll
 0001:0000ed5b       cgxertGetOutputPortSignal  000000018000fd5b f   libmwcgxert:libmwcgxert.dll
 0001:0000ed61       cgxertGetRunTimeParamInfoData 000000018000fd61 f   libmwcgxert:libmwcgxert.dll
 0001:0000ed67       cgxertSetSimStateCompliance 000000018000fd67 f   libmwcgxert:libmwcgxert.dll
 0001:0000ed6d       cgxertGetRuntimeInstance   000000018000fd6d f   libmwcgxert:libmwcgxert.dll
 0001:0000ed73       cgxertSetRuntimeInstance   000000018000fd73 f   libmwcgxert:libmwcgxert.dll
 0001:0000ed79       cgxertGetEMLRTCtx          000000018000fd79 f   libmwcgxert:libmwcgxert.dll
 0001:0000ed7f       cgxertSetGcb               000000018000fd7f f   libmwcgxert:libmwcgxert.dll
 0001:0000ed85       cgxertRestoreGcb           000000018000fd85 f   libmwcgxert:libmwcgxert.dll
 0001:0000ed8c       __raise_securityfailure    000000018000fd8c f   MSVCRT:gs_report.obj
 0001:0000edc0       __report_gsfailure         000000018000fdc0 f   MSVCRT:gs_report.obj
 0001:0000ee94       __report_rangecheckfailure 000000018000fe94 f   MSVCRT:gs_report.obj
 0001:0000eea8       __report_securityfailure   000000018000fea8 f   MSVCRT:gs_report.obj
 0001:0000ef44       __report_securityfailureEx 000000018000ff44 f   MSVCRT:gs_report.obj
 0001:0000f138       __GSHandlerCheck           0000000180010138 f   MSVCRT:gshandler.obj
 0001:0000f158       __GSHandlerCheckCommon     0000000180010158 f   MSVCRT:gshandler.obj
 0001:0000f1d0       __security_check_cookie    00000001800101d0 f   MSVCRT:amdsecgs.obj
 0001:0000f52c       _CRT_INIT                  000000018001052c f   MSVCRT:dll_dllmain.obj
 0001:0000f534       _DllMainCRTStartup         0000000180010534 f   MSVCRT:dll_dllmain.obj
 0001:0000f5e0       __security_init_cookie     00000001800105e0 f   MSVCRT:gs_support.obj
 0001:0000f68c       DllMain                    000000018001068c f   MSVCRT:dll_dllmain_stub.obj
 0001:0000f6b0       ?__scrt_initialize_type_info@@YAXXZ 00000001800106b0 f   MSVCRT:tncleanup.obj
 0001:0000f6c0       ?__scrt_uninitialize_type_info@@YAXXZ 00000001800106c0 f   MSVCRT:tncleanup.obj
 0001:0000f6cc       __local_stdio_scanf_options 00000001800106cc f i MSVCRT:default_local_stdio_options.obj
 0001:0000f6d4       __scrt_initialize_default_local_stdio_options 00000001800106d4 f   MSVCRT:default_local_stdio_options.obj
 0001:0000f6f0       ?configure_argv@__scrt_narrow_argv_policy@@SAHXZ 00000001800106f0 f i MSVCRT:utility.obj
 0001:0000f750       ?initialize_environment@__scrt_narrow_environment_policy@@SAHXZ 0000000180010750 f i MSVCRT:utility.obj
 0001:0000f788       NtCurrentTeb               0000000180010788 f i MSVCRT:utility.obj
 0001:0000f794       __scrt_acquire_startup_lock 0000000180010794 f   MSVCRT:utility.obj
 0001:0000f7d0       __scrt_dllmain_after_initialize_c 00000001800107d0 f   MSVCRT:utility.obj
 0001:0000f804       __scrt_dllmain_before_initialize_c 0000000180010804 f   MSVCRT:utility.obj
 0001:0000f81c       __scrt_dllmain_crt_thread_attach 000000018001081c f   MSVCRT:utility.obj
 0001:0000f844       __scrt_dllmain_crt_thread_detach 0000000180010844 f   MSVCRT:utility.obj
 0001:0000f85c       __scrt_dllmain_exception_filter 000000018001085c f   MSVCRT:utility.obj
 0001:0000f8bc       __scrt_dllmain_uninitialize_c 00000001800108bc f   MSVCRT:utility.obj
 0001:0000f8ec       __scrt_dllmain_uninitialize_critical 00000001800108ec f   MSVCRT:utility.obj
 0001:0000f900       __scrt_initialize_crt      0000000180010900 f   MSVCRT:utility.obj
 0001:0000f94c       __scrt_initialize_onexit_tables 000000018001094c f   MSVCRT:utility.obj
 0001:0000f9d8       __scrt_is_nonwritable_in_current_image 00000001800109d8 f   MSVCRT:utility.obj
 0001:0000fa70       __scrt_release_startup_lock 0000000180010a70 f   MSVCRT:utility.obj
 0001:0000fa94       __scrt_uninitialize_crt    0000000180010a94 f   MSVCRT:utility.obj
 0001:0000fac0       _onexit                    0000000180010ac0 f   MSVCRT:utility.obj
 0001:0000fafc       at_quick_exit              0000000180010afc f   MSVCRT:utility.obj
 0001:0000fb1c       atexit                     0000000180010b1c f   MSVCRT:utility.obj
 0001:0000fb34       __scrt_get_dyn_tls_init_callback 0000000180010b34 f   MSVCRT:dyn_tls_init.obj
 0001:0000fb3c       __crt_debugger_hook        0000000180010b3c f   MSVCRT:utility_desktop.obj
 0001:0000fb44       __scrt_fastfail            0000000180010b44 f   MSVCRT:utility_desktop.obj
 0001:0000fc90       __scrt_get_show_window_mode 0000000180010c90 f   MSVCRT:utility_desktop.obj
 0001:0000fccc       __scrt_initialize_mta      0000000180010ccc f   MSVCRT:utility_desktop.obj
 0001:0000fcd4       __scrt_initialize_winrt    0000000180010cd4 f   MSVCRT:utility_desktop.obj
 0001:0000fcd8       __scrt_is_managed_app      0000000180010cd8 f   MSVCRT:utility_desktop.obj
 0001:0000fd2c       __scrt_set_unhandled_exception_filter 0000000180010d2c f   MSVCRT:utility_desktop.obj
 0001:0000fd3c       __scrt_exe_initialize_mta  0000000180010d3c f   MSVCRT:utility_desktop.obj
 0001:0000fd3c       __scrt_stub_for_initialize_mta 0000000180010d3c f   MSVCRT:utility_desktop.obj
 0001:0000fd40       __scrt_unhandled_exception_filter 0000000180010d40 f   MSVCRT:utility_desktop.obj
 0001:0000fd9c       _RTC_Initialize            0000000180010d9c f   MSVCRT:initsect.obj
 0001:0000fdd8       _RTC_Terminate             0000000180010dd8 f   MSVCRT:initsect.obj
 0001:0000fe14       _guard_check_icall_nop     0000000180010e14 f i MSVCRT:guard_support.obj
 0001:0000fe18       ReadNoFence64              0000000180010e18 f i MSVCRT:guard_support.obj
 0001:0000fe1c       ReadPointerNoFence         0000000180010e1c f i MSVCRT:guard_support.obj
 0001:0000fe20       __castguard_check_failure_debugbreak 0000000180010e20 f i MSVCRT:guard_support.obj
 0001:0000fe3c       __castguard_check_failure_fastfail 0000000180010e3c f i MSVCRT:guard_support.obj
 0001:0000fe60       __castguard_check_failure_nop 0000000180010e60 f i MSVCRT:guard_support.obj
 0001:0000fe64       __castguard_check_failure_os_handled 0000000180010e64 f i MSVCRT:guard_support.obj
 0001:0000fee0       __castguard_slow_path_check_debugbreak 0000000180010ee0 f i MSVCRT:guard_support.obj
 0001:0000ff14       __castguard_slow_path_check_fastfail 0000000180010f14 f i MSVCRT:guard_support.obj
 0001:0000ff50       __castguard_slow_path_check_nop 0000000180010f50 f i MSVCRT:guard_support.obj
 0001:0000ff54       __castguard_slow_path_check_os_handled 0000000180010f54 f i MSVCRT:guard_support.obj
 0001:0000ffc4       _guard_icall_checks_enforced 0000000180010fc4 f i MSVCRT:guard_support.obj
 0001:0000ffdc       _guard_rf_checks_enforced  0000000180010fdc f i MSVCRT:guard_support.obj
 0001:0000ffe0       __isa_available_init       0000000180010fe0 f   MSVCRT:cpu_disp.obj
 0001:0001018c       _get_startup_argv_mode     000000018001118c f   MSVCRT:argv_mode.obj
 0001:00010194       __scrt_is_ucrt_dll_in_use  0000000180011194 f   MSVCRT:ucrt_detection.obj
 0001:000101a0       RtlCaptureContext          00000001800111a0 f   kernel32:KERNEL32.dll
 0001:000101a6       RtlLookupFunctionEntry     00000001800111a6 f   kernel32:KERNEL32.dll
 0001:000101ac       RtlVirtualUnwind           00000001800111ac f   kernel32:KERNEL32.dll
 0001:000101b2       UnhandledExceptionFilter   00000001800111b2 f   kernel32:KERNEL32.dll
 0001:000101b8       SetUnhandledExceptionFilter 00000001800111b8 f   kernel32:KERNEL32.dll
 0001:000101be       GetCurrentProcess          00000001800111be f   kernel32:KERNEL32.dll
 0001:000101c4       TerminateProcess           00000001800111c4 f   kernel32:KERNEL32.dll
 0001:000101ca       IsProcessorFeaturePresent  00000001800111ca f   kernel32:KERNEL32.dll
 0001:000101d0       QueryPerformanceCounter    00000001800111d0 f   kernel32:KERNEL32.dll
 0001:000101d6       GetCurrentProcessId        00000001800111d6 f   kernel32:KERNEL32.dll
 0001:000101dc       GetCurrentThreadId         00000001800111dc f   kernel32:KERNEL32.dll
 0001:000101e2       GetSystemTimeAsFileTime    00000001800111e2 f   kernel32:KERNEL32.dll
 0001:000101e8       DisableThreadLibraryCalls  00000001800111e8 f   kernel32:KERNEL32.dll
 0001:000101ee       InitializeSListHead        00000001800111ee f   kernel32:KERNEL32.dll
 0001:000101f4       IsDebuggerPresent          00000001800111f4 f   kernel32:KERNEL32.dll
 0001:000101fa       GetStartupInfoW            00000001800111fa f   kernel32:KERNEL32.dll
 0001:00010200       GetModuleHandleW           0000000180011200 f   kernel32:KERNEL32.dll
 0001:00010206       memcpy                     0000000180011206 f   vcruntime:VCRUNTIME140.dll
 0001:0001020c       __C_specific_handler       000000018001120c f   vcruntime:VCRUNTIME140.dll
 0001:00010212       __std_type_info_destroy_list 0000000180011212 f   vcruntime:VCRUNTIME140.dll
 0001:00010218       __current_exception        0000000180011218 f   vcruntime:VCRUNTIME140.dll
 0001:0001021e       __current_exception_context 000000018001121e f   vcruntime:VCRUNTIME140.dll
 0001:00010224       memset                     0000000180011224 f   vcruntime:VCRUNTIME140.dll
 0001:0001022a       calloc                     000000018001122a f   ucrt:api-ms-win-crt-heap-l1-1-0.dll
 0001:00010230       free                       0000000180011230 f   ucrt:api-ms-win-crt-heap-l1-1-0.dll
 0001:00010236       _localtime64               0000000180011236 f   ucrt:api-ms-win-crt-time-l1-1-0.dll
 0001:0001023c       _time64                    000000018001123c f   ucrt:api-ms-win-crt-time-l1-1-0.dll
 0001:00010242       strcmp                     0000000180011242 f   ucrt:api-ms-win-crt-string-l1-1-0.dll
 0001:00010248       strlen                     0000000180011248 f   ucrt:api-ms-win-crt-string-l1-1-0.dll
 0001:0001024e       __stdio_common_vsprintf    000000018001124e f   ucrt:api-ms-win-crt-stdio-l1-1-0.dll
 0001:00010254       malloc                     0000000180011254 f   ucrt:api-ms-win-crt-heap-l1-1-0.dll
 0001:0001025a       _initterm                  000000018001125a f   ucrt:api-ms-win-crt-runtime-l1-1-0.dll
 0001:00010260       _initterm_e                0000000180011260 f   ucrt:api-ms-win-crt-runtime-l1-1-0.dll
 0001:00010266       _seh_filter_dll            0000000180011266 f   ucrt:api-ms-win-crt-runtime-l1-1-0.dll
 0001:0001026c       _configure_narrow_argv     000000018001126c f   ucrt:api-ms-win-crt-runtime-l1-1-0.dll
 0001:00010272       _initialize_narrow_environment 0000000180011272 f   ucrt:api-ms-win-crt-runtime-l1-1-0.dll
 0001:00010278       _initialize_onexit_table   0000000180011278 f   ucrt:api-ms-win-crt-runtime-l1-1-0.dll
 0001:0001027e       _register_onexit_function  000000018001127e f   ucrt:api-ms-win-crt-runtime-l1-1-0.dll
 0001:00010284       _execute_onexit_table      0000000180011284 f   ucrt:api-ms-win-crt-runtime-l1-1-0.dll
 0001:0001028a       _crt_atexit                000000018001128a f   ucrt:api-ms-win-crt-runtime-l1-1-0.dll
 0001:00010290       _crt_at_quick_exit         0000000180011290 f   ucrt:api-ms-win-crt-runtime-l1-1-0.dll
 0001:00010296       _cexit                     0000000180011296 f   ucrt:api-ms-win-crt-runtime-l1-1-0.dll
 0001:0001029c       terminate                  000000018001129c f   ucrt:api-ms-win-crt-runtime-l1-1-0.dll
 0001:000102a4       __acrt_initialize          00000001800112a4 f   MSVCRT:ucrt_stubs.obj
 0001:000102a4       __scrt_stub_for_acrt_initialize 00000001800112a4 f   MSVCRT:ucrt_stubs.obj
 0001:000102a4       __vcrt_initialize          00000001800112a4 f   MSVCRT:ucrt_stubs.obj
 0001:000102a8       __acrt_thread_attach       00000001800112a8 f   MSVCRT:ucrt_stubs.obj
 0001:000102a8       __scrt_stub_for_acrt_thread_attach 00000001800112a8 f   MSVCRT:ucrt_stubs.obj
 0001:000102a8       __vcrt_thread_attach       00000001800112a8 f   MSVCRT:ucrt_stubs.obj
 0001:000102ac       __acrt_thread_detach       00000001800112ac f   MSVCRT:ucrt_stubs.obj
 0001:000102ac       __scrt_stub_for_acrt_thread_detach 00000001800112ac f   MSVCRT:ucrt_stubs.obj
 0001:000102ac       __vcrt_thread_detach       00000001800112ac f   MSVCRT:ucrt_stubs.obj
 0001:000102b0       __acrt_uninitialize        00000001800112b0 f   MSVCRT:ucrt_stubs.obj
 0001:000102b0       __scrt_stub_for_acrt_uninitialize 00000001800112b0 f   MSVCRT:ucrt_stubs.obj
 0001:000102b0       __vcrt_uninitialize        00000001800112b0 f   MSVCRT:ucrt_stubs.obj
 0001:000102b4       __acrt_uninitialize_critical 00000001800112b4 f   MSVCRT:ucrt_stubs.obj
 0001:000102b4       __scrt_stub_for_acrt_uninitialize_critical 00000001800112b4 f   MSVCRT:ucrt_stubs.obj
 0001:000102b4       __vcrt_uninitialize_critical 00000001800112b4 f   MSVCRT:ucrt_stubs.obj
 0001:000102b8       __scrt_stub_for_is_c_termination_complete 00000001800112b8 f   MSVCRT:ucrt_stubs.obj
 0001:000102b8       _is_c_termination_complete 00000001800112b8 f   MSVCRT:ucrt_stubs.obj
 0001:000102d0       _guard_dispatch_icall_nop  00000001800112d0 f   MSVCRT:guard_dispatch.obj
 0001:000102f0       _guard_xfg_dispatch_icall_nop 00000001800112f0 f   MSVCRT:guard_xfg_dispatch.obj
 0002:00000000       __imp_GetStartupInfoW      0000000180012000     kernel32:KERNEL32.dll
 0002:00000008       __imp_IsDebuggerPresent    0000000180012008     kernel32:KERNEL32.dll
 0002:00000010       __imp_InitializeSListHead  0000000180012010     kernel32:KERNEL32.dll
 0002:00000018       __imp_DisableThreadLibraryCalls 0000000180012018     kernel32:KERNEL32.dll
 0002:00000020       __imp_GetSystemTimeAsFileTime 0000000180012020     kernel32:KERNEL32.dll
 0002:00000028       __imp_GetCurrentThreadId   0000000180012028     kernel32:KERNEL32.dll
 0002:00000030       __imp_GetCurrentProcessId  0000000180012030     kernel32:KERNEL32.dll
 0002:00000038       __imp_QueryPerformanceCounter 0000000180012038     kernel32:KERNEL32.dll
 0002:00000040       __imp_IsProcessorFeaturePresent 0000000180012040     kernel32:KERNEL32.dll
 0002:00000048       __imp_TerminateProcess     0000000180012048     kernel32:KERNEL32.dll
 0002:00000050       __imp_GetCurrentProcess    0000000180012050     kernel32:KERNEL32.dll
 0002:00000058       __imp_SetUnhandledExceptionFilter 0000000180012058     kernel32:KERNEL32.dll
 0002:00000060       __imp_UnhandledExceptionFilter 0000000180012060     kernel32:KERNEL32.dll
 0002:00000068       __imp_RtlVirtualUnwind     0000000180012068     kernel32:KERNEL32.dll
 0002:00000070       __imp_RtlLookupFunctionEntry 0000000180012070     kernel32:KERNEL32.dll
 0002:00000078       __imp_RtlCaptureContext    0000000180012078     kernel32:KERNEL32.dll
 0002:00000080       __imp_GetModuleHandleW     0000000180012080     kernel32:KERNEL32.dll
 0002:00000088       \177KERNEL32_NULL_THUNK_DATA 0000000180012088     kernel32:KERNEL32.dll
 0002:00000090       __imp_memcpy               0000000180012090     vcruntime:VCRUNTIME140.dll
 0002:00000098       __imp___C_specific_handler 0000000180012098     vcruntime:VCRUNTIME140.dll
 0002:000000a0       __imp___std_type_info_destroy_list 00000001800120a0     vcruntime:VCRUNTIME140.dll
 0002:000000a8       __imp___current_exception  00000001800120a8     vcruntime:VCRUNTIME140.dll
 0002:000000b0       __imp___current_exception_context 00000001800120b0     vcruntime:VCRUNTIME140.dll
 0002:000000b8       __imp_memset               00000001800120b8     vcruntime:VCRUNTIME140.dll
 0002:000000c0       \177VCRUNTIME140_NULL_THUNK_DATA 00000001800120c0     vcruntime:VCRUNTIME140.dll
 0002:000000c8       __imp_malloc               00000001800120c8     ucrt:api-ms-win-crt-heap-l1-1-0.dll
 0002:000000d0       __imp_calloc               00000001800120d0     ucrt:api-ms-win-crt-heap-l1-1-0.dll
 0002:000000d8       __imp_free                 00000001800120d8     ucrt:api-ms-win-crt-heap-l1-1-0.dll
 0002:000000e0       \177api-ms-win-crt-heap-l1-1-0_NULL_THUNK_DATA 00000001800120e0     ucrt:api-ms-win-crt-heap-l1-1-0.dll
 0002:000000e8       __imp__configure_narrow_argv 00000001800120e8     ucrt:api-ms-win-crt-runtime-l1-1-0.dll
 0002:000000f0       __imp__initialize_narrow_environment 00000001800120f0     ucrt:api-ms-win-crt-runtime-l1-1-0.dll
 0002:000000f8       __imp__initialize_onexit_table 00000001800120f8     ucrt:api-ms-win-crt-runtime-l1-1-0.dll
 0002:00000100       __imp__initterm_e          0000000180012100     ucrt:api-ms-win-crt-runtime-l1-1-0.dll
 0002:00000108       __imp__initterm            0000000180012108     ucrt:api-ms-win-crt-runtime-l1-1-0.dll
 0002:00000110       __imp__execute_onexit_table 0000000180012110     ucrt:api-ms-win-crt-runtime-l1-1-0.dll
 0002:00000118       __imp__crt_atexit          0000000180012118     ucrt:api-ms-win-crt-runtime-l1-1-0.dll
 0002:00000120       __imp__crt_at_quick_exit   0000000180012120     ucrt:api-ms-win-crt-runtime-l1-1-0.dll
 0002:00000128       __imp__cexit               0000000180012128     ucrt:api-ms-win-crt-runtime-l1-1-0.dll
 0002:00000130       __imp__seh_filter_dll      0000000180012130     ucrt:api-ms-win-crt-runtime-l1-1-0.dll
 0002:00000138       __imp_terminate            0000000180012138     ucrt:api-ms-win-crt-runtime-l1-1-0.dll
 0002:00000140       __imp__register_onexit_function 0000000180012140     ucrt:api-ms-win-crt-runtime-l1-1-0.dll
 0002:00000148       \177api-ms-win-crt-runtime-l1-1-0_NULL_THUNK_DATA 0000000180012148     ucrt:api-ms-win-crt-runtime-l1-1-0.dll
 0002:00000150       __imp___stdio_common_vsprintf 0000000180012150     ucrt:api-ms-win-crt-stdio-l1-1-0.dll
 0002:00000158       \177api-ms-win-crt-stdio-l1-1-0_NULL_THUNK_DATA 0000000180012158     ucrt:api-ms-win-crt-stdio-l1-1-0.dll
 0002:00000160       __imp_strcmp               0000000180012160     ucrt:api-ms-win-crt-string-l1-1-0.dll
 0002:00000168       __imp_strlen               0000000180012168     ucrt:api-ms-win-crt-string-l1-1-0.dll
 0002:00000170       \177api-ms-win-crt-string-l1-1-0_NULL_THUNK_DATA 0000000180012170     ucrt:api-ms-win-crt-string-l1-1-0.dll
 0002:00000178       __imp__time64              0000000180012178     ucrt:api-ms-win-crt-time-l1-1-0.dll
 0002:00000180       __imp__localtime64         0000000180012180     ucrt:api-ms-win-crt-time-l1-1-0.dll
 0002:00000188       \177api-ms-win-crt-time-l1-1-0_NULL_THUNK_DATA 0000000180012188     ucrt:api-ms-win-crt-time-l1-1-0.dll
 0002:00000190       __imp_emlrtCreateCharArray 0000000180012190     libemlrt:libemlrt.dll
 0002:00000198       __imp_emlrtInitCharArrayR2013a 0000000180012198     libemlrt:libemlrt.dll
 0002:000001a0       __imp_emlrtAssign          00000001800121a0     libemlrt:libemlrt.dll
 0002:000001a8       __imp_emlrtLicenseCheckR2022a 00000001800121a8     libemlrt:libemlrt.dll
 0002:000001b0       __imp_emlrtCallMATLABR2012b 00000001800121b0     libemlrt:libemlrt.dll
 0002:000001b8       \177libemlrt_NULL_THUNK_DATA 00000001800121b8     libemlrt:libemlrt.dll
 0002:000001c0       __imp_mexUnlock_800        00000001800121c0     libmex:libmex.dll
 0002:000001c8       __imp_mexWarnMsgTxt_800    00000001800121c8     libmex:libmex.dll
 0002:000001d0       __imp_mexIsLocked_800      00000001800121d0     libmex:libmex.dll
 0002:000001d8       __imp_mexCallMATLAB_800    00000001800121d8     libmex:libmex.dll
 0002:000001e0       __imp_mexPrintf_800        00000001800121e0     libmex:libmex.dll
 0002:000001e8       \177libmex_NULL_THUNK_DATA 00000001800121e8     libmex:libmex.dll
 0002:000001f0       __imp_cgxertSetGcb         00000001800121f0     libmwcgxert:libmwcgxert.dll
 0002:000001f8       __imp_cgxertGetEMLRTCtx    00000001800121f8     libmwcgxert:libmwcgxert.dll
 0002:00000200       __imp_cgxertSetRuntimeInstance 0000000180012200     libmwcgxert:libmwcgxert.dll
 0002:00000208       __imp_cgxertGetRuntimeInstance 0000000180012208     libmwcgxert:libmwcgxert.dll
 0002:00000210       __imp_cgxertSetSimStateCompliance 0000000180012210     libmwcgxert:libmwcgxert.dll
 0002:00000218       __imp_cgxertGetOutputPortSignal 0000000180012218     libmwcgxert:libmwcgxert.dll
 0002:00000220       __imp_cgxertGetInputPortSignal 0000000180012220     libmwcgxert:libmwcgxert.dll
 0002:00000228       __imp_cgxertRestoreGcb     0000000180012228     libmwcgxert:libmwcgxert.dll
 0002:00000230       __imp_cgxertGetRunTimeParamInfoData 0000000180012230     libmwcgxert:libmwcgxert.dll
 0002:00000238       \177libmwcgxert_NULL_THUNK_DATA 0000000180012238     libmwcgxert:libmwcgxert.dll
 0002:00000240       __imp_muDoubleScalarCeil   0000000180012240     libmwmathutil:libmwmathutil.dll
 0002:00000248       __imp_muDoubleScalarIsInf  0000000180012248     libmwmathutil:libmwmathutil.dll
 0002:00000250       __imp_muDoubleScalarIsNaN  0000000180012250     libmwmathutil:libmwmathutil.dll
 0002:00000258       __imp_muDoubleScalarRem    0000000180012258     libmwmathutil:libmwmathutil.dll
 0002:00000260       __imp_muDoubleScalarSqrt   0000000180012260     libmwmathutil:libmwmathutil.dll
 0002:00000268       __imp_muDoubleScalarPower  0000000180012268     libmwmathutil:libmwmathutil.dll
 0002:00000270       __imp_muDoubleScalarLog    0000000180012270     libmwmathutil:libmwmathutil.dll
 0002:00000278       __imp_muDoubleScalarExp    0000000180012278     libmwmathutil:libmwmathutil.dll
 0002:00000280       __imp_muDoubleScalarRound  0000000180012280     libmwmathutil:libmwmathutil.dll
 0002:00000288       __imp_muDoubleScalarFloor  0000000180012288     libmwmathutil:libmwmathutil.dll
 0002:00000290       __imp_muDoubleScalarAbs    0000000180012290     libmwmathutil:libmwmathutil.dll
 0002:00000298       \177libmwmathutil_NULL_THUNK_DATA 0000000180012298     libmwmathutil:libmwmathutil.dll
 0002:000002a0       __imp_mxSetCell_800        00000001800122a0     libmx:libmx.dll
 0002:000002a8       __imp_mxGetString_800      00000001800122a8     libmx:libmx.dll
 0002:000002b0       __imp_mxCreateDoubleScalar_800 00000001800122b0     libmx:libmx.dll
 0002:000002b8       __imp_mxCreateNumericMatrix_800 00000001800122b8     libmx:libmx.dll
 0002:000002c0       __imp_mxSetField_800       00000001800122c0     libmx:libmx.dll
 0002:000002c8       __imp_mxGetN_800           00000001800122c8     libmx:libmx.dll
 0002:000002d0       __imp_mxIsComplex_800      00000001800122d0     libmx:libmx.dll
 0002:000002d8       __imp_mxIsChar_800         00000001800122d8     libmx:libmx.dll
 0002:000002e0       __imp_mxIsNumeric_800      00000001800122e0     libmx:libmx.dll
 0002:000002e8       __imp_mxGetData_800        00000001800122e8     libmx:libmx.dll
 0002:000002f0       __imp_mxGetClassID_800     00000001800122f0     libmx:libmx.dll
 0002:000002f8       __imp_mxGetM_800           00000001800122f8     libmx:libmx.dll
 0002:00000300       __imp_mxCalloc_800         0000000180012300     libmx:libmx.dll
 0002:00000308       __imp_mxGetNaN_800         0000000180012308     libmx:libmx.dll
 0002:00000310       __imp_mxCreateStructMatrix_800 0000000180012310     libmx:libmx.dll
 0002:00000318       __imp_mxCreateCellMatrix_800 0000000180012318     libmx:libmx.dll
 0002:00000320       __imp_mxCreateString_800   0000000180012320     libmx:libmx.dll
 0002:00000328       __imp_mxCreateDoubleMatrix_800 0000000180012328     libmx:libmx.dll
 0002:00000330       __imp_mxSetFieldByNumber_800 0000000180012330     libmx:libmx.dll
 0002:00000338       __imp_mxGetPr_800          0000000180012338     libmx:libmx.dll
 0002:00000340       \177libmx_NULL_THUNK_DATA  0000000180012340     libmx:libmx.dll
 0002:00000348       __guard_check_icall_fptr   0000000180012348     MSVCRT:guard_support.obj
 0002:00000350       __guard_xfg_check_icall_fptr 0000000180012350     MSVCRT:guard_support.obj
 0002:00000358       __guard_dispatch_icall_fptr 0000000180012358     MSVCRT:guard_support.obj
 0002:00000360       __guard_xfg_dispatch_icall_fptr 0000000180012360     MSVCRT:guard_support.obj
 0002:00000368       __guard_xfg_table_dispatch_icall_fptr 0000000180012368     MSVCRT:guard_support.obj
 0002:00000370       __castguard_check_failure_os_handled_fptr 0000000180012370     MSVCRT:guard_support.obj
 0002:00000378       __guard_memcpy_fptr        0000000180012378     vcruntime:softmemtag.obj
 0002:00000380       __xc_a                     0000000180012380     MSVCRT:initializers.obj
 0002:00000388       __xc_z                     0000000180012388     MSVCRT:initializers.obj
 0002:00000390       __xi_a                     0000000180012390     MSVCRT:initializers.obj
 0002:00000398       __xi_z                     0000000180012398     MSVCRT:initializers.obj
 0002:000003a0       __xp_a                     00000001800123a0     MSVCRT:initializers.obj
 0002:000003a8       __xp_z                     00000001800123a8     MSVCRT:initializers.obj
 0002:000003b0       __xt_a                     00000001800123b0     MSVCRT:initializers.obj
 0002:000003b8       __xt_z                     00000001800123b8     MSVCRT:initializers.obj
 0002:000004f0       __real@0000000000000000    00000001800124f0     m_F6Yw7f4GZAlqQDbENKozUG.obj
 0002:000004f8       __real@3ca0000000000000    00000001800124f8     m_F6Yw7f4GZAlqQDbENKozUG.obj
 0002:00000500       __real@3cb0000000000000    0000000180012500     m_F6Yw7f4GZAlqQDbENKozUG.obj
 0002:00000508       __real@3defffffffffffff    0000000180012508     m_F6Yw7f4GZAlqQDbENKozUG.obj
 0002:00000510       __real@3e00000000000000    0000000180012510     m_F6Yw7f4GZAlqQDbENKozUG.obj
 0002:00000518       __real@3e00000000200000    0000000180012518     m_F6Yw7f4GZAlqQDbENKozUG.obj
 0002:00000520       __real@3f940d92e5a05850    0000000180012520     m_F6Yw7f4GZAlqQDbENKozUG.obj
 0002:00000528       __real@3fd183aa6c20e8bc    0000000180012528     m_F6Yw7f4GZAlqQDbENKozUG.obj
 0002:00000530       __real@3fdf39bd90efa6ec    0000000180012530     m_F6Yw7f4GZAlqQDbENKozUG.obj
 0002:00000538       __real@3fe0000000000000    0000000180012538     m_F6Yw7f4GZAlqQDbENKozUG.obj
 0002:00000540       __real@3fef01751555d29a    0000000180012540     m_F6Yw7f4GZAlqQDbENKozUG.obj
 0002:00000548       __real@3ff0000000000000    0000000180012548     m_F6Yw7f4GZAlqQDbENKozUG.obj
 0002:00000550       __real@3ff4d1b4fe79ee03    0000000180012550     m_F6Yw7f4GZAlqQDbENKozUG.obj
 0002:00000558       __real@3ff6a09e667f3bcd    0000000180012558     m_F6Yw7f4GZAlqQDbENKozUG.obj
 0002:00000560       __real@4000000000000000    0000000180012560     m_F6Yw7f4GZAlqQDbENKozUG.obj
 0002:00000568       __real@40063748a159817c    0000000180012568     m_F6Yw7f4GZAlqQDbENKozUG.obj
 0002:00000570       __real@400d3bb48209ad36    0000000180012570     m_F6Yw7f4GZAlqQDbENKozUG.obj
 0002:00000578       __real@4010000000000000    0000000180012578     m_F6Yw7f4GZAlqQDbENKozUG.obj
 0002:00000580       __real@4024000000000000    0000000180012580     m_F6Yw7f4GZAlqQDbENKozUG.obj
 0002:00000588       __real@4028c070b8cfbfc6    0000000180012588     m_F6Yw7f4GZAlqQDbENKozUG.obj
 0002:00000590       __real@40295aa79bbadc0a    0000000180012590     m_F6Yw7f4GZAlqQDbENKozUG.obj
 0002:00000598       __real@404e000000000000    0000000180012598     m_F6Yw7f4GZAlqQDbENKozUG.obj
 0002:000005a0       __real@4059000000000000    00000001800125a0     m_F6Yw7f4GZAlqQDbENKozUG.obj
 0002:000005a8       __real@4076d00000000000    00000001800125a8     m_F6Yw7f4GZAlqQDbENKozUG.obj
 0002:000005b0       __real@4079000000000000    00000001800125b0     m_F6Yw7f4GZAlqQDbENKozUG.obj
 0002:000005b8       __real@40ac200000000000    00000001800125b8     m_F6Yw7f4GZAlqQDbENKozUG.obj
 0002:000005c0       __real@40f5180000000000    00000001800125c0     m_F6Yw7f4GZAlqQDbENKozUG.obj
 0002:000005c8       __real@41607ac000000000    00000001800125c8     m_F6Yw7f4GZAlqQDbENKozUG.obj
 0002:000005d0       __real@4170000000000000    00000001800125d0     m_F6Yw7f4GZAlqQDbENKozUG.obj
 0002:000005d8       __real@4190000000000000    00000001800125d8     m_F6Yw7f4GZAlqQDbENKozUG.obj
 0002:000005e0       __real@41dfffffffc00000    00000001800125e0     m_F6Yw7f4GZAlqQDbENKozUG.obj
 0002:000005e8       __real@41f0000000000000    00000001800125e8     m_F6Yw7f4GZAlqQDbENKozUG.obj
 0002:000005f0       __real@bfe0000000000000    00000001800125f0     m_F6Yw7f4GZAlqQDbENKozUG.obj
 0002:000005f8       __real@c000000000000000    00000001800125f8     m_F6Yw7f4GZAlqQDbENKozUG.obj
 0002:00000600       __xmm@80000000000000008000000000000000 0000000180012600     m_F6Yw7f4GZAlqQDbENKozUG.obj
 0002:00000610       DYNAMIC_DIMENSION_DEF      0000000180012610     Scheme4_cgxe_registry.obj
 0002:00000628       __real@41602cbca0000000    0000000180012628     Scheme4_cgxe_registry.obj
 0002:00000630       __real@41a219d774000000    0000000180012630     Scheme4_cgxe_registry.obj
 0002:00000638       __real@41a5943438000000    0000000180012638     Scheme4_cgxe_registry.obj
 0002:00000640       __real@41a8f92d96000000    0000000180012640     Scheme4_cgxe_registry.obj
 0002:00000648       __real@41b40b3bc3000000    0000000180012648     Scheme4_cgxe_registry.obj
 0002:00000650       __real@41b71b93ce000000    0000000180012650     Scheme4_cgxe_registry.obj
 0002:00000658       __real@41ca081394000000    0000000180012658     Scheme4_cgxe_registry.obj
 0002:00000660       __real@41ce9ebff3000000    0000000180012660     Scheme4_cgxe_registry.obj
 0002:00000668       __real@41d0513e44800000    0000000180012668     Scheme4_cgxe_registry.obj
 0002:00000670       __real@41dc67f553c00000    0000000180012670     Scheme4_cgxe_registry.obj
 0002:00000678       __real@41e13401bfc00000    0000000180012678     Scheme4_cgxe_registry.obj
 0002:00000680       __real@41e2069ed9a00000    0000000180012680     Scheme4_cgxe_registry.obj
 0002:00000688       __real@41e5b0b712600000    0000000180012688     Scheme4_cgxe_registry.obj
 0002:00000690       __real@41e5c993c4e00000    0000000180012690     Scheme4_cgxe_registry.obj
 0002:00000698       __real@41e8286538c00000    0000000180012698     Scheme4_cgxe_registry.obj
 0002:000006a0       __real@41e90d6877600000    00000001800126a0     Scheme4_cgxe_registry.obj
 0002:000006a8       __real@41ee95a96de00000    00000001800126a8     Scheme4_cgxe_registry.obj
 0002:000006b0       __real@bff0000000000000    00000001800126b0     Scheme4_cgxe_registry.obj
 0002:000006c8       _pDefaultRawDllMain        00000001800126c8     MSVCRT:dll_dllmain.obj
 0002:000006c8       _pRawDllMain               00000001800126c8     MSVCRT:dll_dllmain.obj
 0002:000006d0       __xmm@ffffffffffffffffffffffffffffffff 00000001800126d0     MSVCRT:utility.obj
 0002:000006e0       _load_config_used          00000001800126e0     MSVCRT:loadcfg.obj
 0002:00000880       __CastGuardVftablesStart   0000000180012880     MSVCRT:guard_support.obj
 0002:00000900       __CastGuardVftablesEnd     0000000180012900     MSVCRT:guard_support.obj
 0002:00000980       __volatile_metadata        0000000180012980     <linker-defined>
 0002:00000d68       __rtc_iaa                  0000000180012d68     MSVCRT:initsect.obj
 0002:00000d70       __rtc_izz                  0000000180012d70     MSVCRT:initsect.obj
 0002:00000d78       __rtc_taa                  0000000180012d78     MSVCRT:initsect.obj
 0002:00000d80       __rtc_tzz                  0000000180012d80     MSVCRT:initsect.obj
 0002:00001698       __IMPORT_DESCRIPTOR_libmx  0000000180013698     libmx:libmx.dll
 0002:000016ac       __IMPORT_DESCRIPTOR_libmex 00000001800136ac     libmex:libmex.dll
 0002:000016c0       __IMPORT_DESCRIPTOR_libmwmathutil 00000001800136c0     libmwmathutil:libmwmathutil.dll
 0002:000016d4       __IMPORT_DESCRIPTOR_libemlrt 00000001800136d4     libemlrt:libemlrt.dll
 0002:000016e8       __IMPORT_DESCRIPTOR_libmwcgxert 00000001800136e8     libmwcgxert:libmwcgxert.dll
 0002:000016fc       __IMPORT_DESCRIPTOR_KERNEL32 00000001800136fc     kernel32:KERNEL32.dll
 0002:00001710       __IMPORT_DESCRIPTOR_VCRUNTIME140 0000000180013710     vcruntime:VCRUNTIME140.dll
 0002:00001724       __IMPORT_DESCRIPTOR_api-ms-win-crt-heap-l1-1-0 0000000180013724     ucrt:api-ms-win-crt-heap-l1-1-0.dll
 0002:00001738       __IMPORT_DESCRIPTOR_api-ms-win-crt-time-l1-1-0 0000000180013738     ucrt:api-ms-win-crt-time-l1-1-0.dll
 0002:0000174c       __IMPORT_DESCRIPTOR_api-ms-win-crt-string-l1-1-0 000000018001374c     ucrt:api-ms-win-crt-string-l1-1-0.dll
 0002:00001760       __IMPORT_DESCRIPTOR_api-ms-win-crt-stdio-l1-1-0 0000000180013760     ucrt:api-ms-win-crt-stdio-l1-1-0.dll
 0002:00001774       __IMPORT_DESCRIPTOR_api-ms-win-crt-runtime-l1-1-0 0000000180013774     ucrt:api-ms-win-crt-runtime-l1-1-0.dll
 0002:00001788       __NULL_IMPORT_DESCRIPTOR   0000000180013788     libmx:libmx.dll
 0003:00004110       DYNAMIC_DIMENSION          0000000180019110     Scheme4_cgxe_registry.obj
 0003:00006330       __security_cookie_complement 000000018001b330     MSVCRT:gs_cookie.obj
 0003:00006338       __security_cookie          000000018001b338     MSVCRT:gs_cookie.obj
 0003:00006340       _fltused                   000000018001b340     MSVCRT:fltused.obj
 0003:00006344       __scrt_native_dllmain_reason 000000018001b344     MSVCRT:utility.obj
 0003:00006348       __isa_available            000000018001b348     MSVCRT:cpu_disp.obj
 0003:0000634c       __isa_enabled              000000018001b34c     MSVCRT:cpu_disp.obj
 0003:00006350       __memset_fast_string_threshold 000000018001b350     MSVCRT:cpu_disp.obj
 0003:00006358       __memset_nt_threshold      000000018001b358     MSVCRT:cpu_disp.obj
 0003:00006360       __scrt_ucrt_dll_is_in_use  000000018001b360     MSVCRT:ucrt_stubs.obj
 0003:00006910       ?__type_info_root_node@@3U__type_info_node@@A 000000018001b910     MSVCRT:tncleanup.obj
 0003:00006920       ?_OptionsStorage@?1??__local_stdio_printf_options@@9@4_KA 000000018001b920     MSVCRT:default_local_stdio_options.obj
 0003:00006928       ?_OptionsStorage@?1??__local_stdio_scanf_options@@9@4_KA 000000018001b928     MSVCRT:default_local_stdio_options.obj
 0003:00006930       __scrt_current_native_startup_state 000000018001b930     MSVCRT:utility.obj
 0003:00006938       __scrt_native_startup_lock 000000018001b938     MSVCRT:utility.obj
 0003:00006978       __scrt_debugger_hook_flag  000000018001b978     MSVCRT:utility_desktop.obj
 0003:0000697c       __favor                    000000018001b97c     MSVCRT:cpu_disp.obj
 0003:00006980       ?_OptionsStorage@?1??__local_stdio_printf_options@@9@9 000000018001b980     <common>
 0003:00006988       __dyn_tls_init_callback    000000018001b988     <common>

 entry point at        0001:0000f534

 Static symbols

 0000:00000000       .debug$S                   0000000180000000     Scheme4_cgxe.exp
 0000:00000000       _volmd                     0000000180000000     Scheme4_cgxe_registry.obj
 0000:00000000       _volmd                     0000000180000000     m_F6Yw7f4GZAlqQDbENKozUG.obj
 0000:00000000       .debug$S                   0000000180000000     ucrt:api-ms-win-crt-heap-l1-1-0.dll
 0000:00000000       .debug$S                   0000000180000000     ucrt:api-ms-win-crt-heap-l1-1-0.dll
 0000:00000000       .debug$S                   0000000180000000     ucrt:api-ms-win-crt-heap-l1-1-0.dll
 0000:00000000       .debug$S                   0000000180000000     ucrt:api-ms-win-crt-runtime-l1-1-0.dll
 0000:00000000       .debug$S                   0000000180000000     ucrt:api-ms-win-crt-runtime-l1-1-0.dll
 0000:00000000       .debug$S                   0000000180000000     ucrt:api-ms-win-crt-runtime-l1-1-0.dll
 0000:00000000       .debug$S                   0000000180000000     ucrt:api-ms-win-crt-runtime-l1-1-0.dll
 0000:00000000       .debug$S                   0000000180000000     ucrt:api-ms-win-crt-runtime-l1-1-0.dll
 0000:00000000       .debug$S                   0000000180000000     ucrt:api-ms-win-crt-runtime-l1-1-0.dll
 0000:00000000       .debug$S                   0000000180000000     ucrt:api-ms-win-crt-runtime-l1-1-0.dll
 0000:00000000       .debug$S                   0000000180000000     ucrt:api-ms-win-crt-runtime-l1-1-0.dll
 0000:00000000       .debug$S                   0000000180000000     ucrt:api-ms-win-crt-runtime-l1-1-0.dll
 0000:00000000       .debug$S                   0000000180000000     ucrt:api-ms-win-crt-runtime-l1-1-0.dll
 0000:00000000       .debug$S                   0000000180000000     ucrt:api-ms-win-crt-runtime-l1-1-0.dll
 0000:00000000       .debug$S                   0000000180000000     ucrt:api-ms-win-crt-runtime-l1-1-0.dll
 0000:00000000       .debug$S                   0000000180000000     ucrt:api-ms-win-crt-stdio-l1-1-0.dll
 0000:00000000       .debug$S                   0000000180000000     ucrt:api-ms-win-crt-string-l1-1-0.dll
 0000:00000000       .debug$S                   0000000180000000     ucrt:api-ms-win-crt-string-l1-1-0.dll
 0000:00000000       .debug$S                   0000000180000000     ucrt:api-ms-win-crt-time-l1-1-0.dll
 0000:00000000       .debug$S                   0000000180000000     ucrt:api-ms-win-crt-time-l1-1-0.dll
 0000:00000000       .debug$S                   0000000180000000     kernel32:KERNEL32.dll
 0000:00000000       .debug$S                   0000000180000000     kernel32:KERNEL32.dll
 0000:00000000       .debug$S                   0000000180000000     kernel32:KERNEL32.dll
 0000:00000000       .debug$S                   0000000180000000     kernel32:KERNEL32.dll
 0000:00000000       .debug$S                   0000000180000000     kernel32:KERNEL32.dll
 0000:00000000       .debug$S                   0000000180000000     kernel32:KERNEL32.dll
 0000:00000000       .debug$S                   0000000180000000     kernel32:KERNEL32.dll
 0000:00000000       .debug$S                   0000000180000000     kernel32:KERNEL32.dll
 0000:00000000       .debug$S                   0000000180000000     kernel32:KERNEL32.dll
 0000:00000000       .debug$S                   0000000180000000     kernel32:KERNEL32.dll
 0000:00000000       .debug$S                   0000000180000000     kernel32:KERNEL32.dll
 0000:00000000       .debug$S                   0000000180000000     kernel32:KERNEL32.dll
 0000:00000000       .debug$S                   0000000180000000     kernel32:KERNEL32.dll
 0000:00000000       .debug$S                   0000000180000000     kernel32:KERNEL32.dll
 0000:00000000       .debug$S                   0000000180000000     kernel32:KERNEL32.dll
 0000:00000000       .debug$S                   0000000180000000     kernel32:KERNEL32.dll
 0000:00000000       .debug$S                   0000000180000000     kernel32:KERNEL32.dll
 0000:00000000       _volmd                     0000000180000000     MSVCRT:cpu_disp.obj
 0002:fffee000       __guard_ehcont_?dllmain_dispatch@@YAHQEAUHINSTANCE__@@KQEAX@Z 0000000180000000     MSVCRT:dll_dllmain.obj
 0002:fffee000       __guard_fids_?dllmain_dispatch@@YAHQEAUHINSTANCE__@@KQEAX@Z 0000000180000000     MSVCRT:dll_dllmain.obj
 0000:00000000       _volmd                     0000000180000000     MSVCRT:gs_report.obj
 0000:00000000       _volmd                     0000000180000000     MSVCRT:gs_report.obj
 0000:00000000       _volmd                     0000000180000000     MSVCRT:gs_report.obj
 0002:fffee000       __guard_fids__             0000000180000000     MSVCRT:guard_support.obj
 0002:fffee000       __guard_fids__             0000000180000000     MSVCRT:guard_support.obj
 0002:fffee000       __guard_fids__guard_icall_checks_enforced 0000000180000000     MSVCRT:guard_support.obj
 0000:00000000       _volmd                     0000000180000000     MSVCRT:guard_support.obj
 0000:00000000       _volmd                     0000000180000000     MSVCRT:guard_support.obj
 0000:00000000       _volmd                     0000000180000000     MSVCRT:guard_support.obj
 0000:00000000       _volmd                     0000000180000000     MSVCRT:guard_support.obj
 0000:00000000       _volmd                     0000000180000000     MSVCRT:guard_support.obj
 0000:00000000       _volmd                     0000000180000000     MSVCRT:guard_support.obj
 0002:fffee000       __guard_ehcont___scrt_is_nonwritable_in_current_image 0000000180000000     MSVCRT:utility.obj
 0000:00000000       _volmd                     0000000180000000     MSVCRT:utility.obj
 0000:00000000       _volmd                     0000000180000000     MSVCRT:utility.obj
 0000:00000000       _volmd                     0000000180000000     MSVCRT:utility.obj
 0002:fffee000       __guard_fids___scrt_set_unhandled_exception_filter 0000000180000000     MSVCRT:utility_desktop.obj
 0000:00000000       _volmd                     0000000180000000     MSVCRT:utility_desktop.obj
 0002:fffee000       __guard_fids__             0000000180000000     vcruntime:softmemtag.obj
 0000:00000000       .debug$S                   0000000180000000     vcruntime:VCRUNTIME140.dll
 0000:00000000       .debug$S                   0000000180000000     vcruntime:VCRUNTIME140.dll
 0000:00000000       .debug$S                   0000000180000000     vcruntime:VCRUNTIME140.dll
 0000:00000000       .debug$S                   0000000180000000     vcruntime:VCRUNTIME140.dll
 0000:00000000       .debug$S                   0000000180000000     vcruntime:VCRUNTIME140.dll
 0000:00000000       .debug$S                   0000000180000000     vcruntime:VCRUNTIME140.dll
 0000:00000000       .debug$S                   0000000180000000     libemlrt:libemlrt.dll
 0000:00000000       .debug$S                   0000000180000000     libemlrt:libemlrt.dll
 0000:00000000       .debug$S                   0000000180000000     libemlrt:libemlrt.dll
 0000:00000000       .debug$S                   0000000180000000     libemlrt:libemlrt.dll
 0000:00000000       .debug$S                   0000000180000000     libemlrt:libemlrt.dll
 0000:00000000       .debug$S                   0000000180000000     libmex:libmex.dll
 0000:00000000       .debug$S                   0000000180000000     libmex:libmex.dll
 0000:00000000       .debug$S                   0000000180000000     libmex:libmex.dll
 0000:00000000       .debug$S                   0000000180000000     libmex:libmex.dll
 0000:00000000       .debug$S                   0000000180000000     libmex:libmex.dll
 0000:00000000       .debug$S                   0000000180000000     libmwcgxert:libmwcgxert.dll
 0000:00000000       .debug$S                   0000000180000000     libmwcgxert:libmwcgxert.dll
 0000:00000000       .debug$S                   0000000180000000     libmwcgxert:libmwcgxert.dll
 0000:00000000       .debug$S                   0000000180000000     libmwcgxert:libmwcgxert.dll
 0000:00000000       .debug$S                   0000000180000000     libmwcgxert:libmwcgxert.dll
 0000:00000000       .debug$S                   0000000180000000     libmwcgxert:libmwcgxert.dll
 0000:00000000       .debug$S                   0000000180000000     libmwcgxert:libmwcgxert.dll
 0000:00000000       .debug$S                   0000000180000000     libmwcgxert:libmwcgxert.dll
 0000:00000000       .debug$S                   0000000180000000     libmwcgxert:libmwcgxert.dll
 0000:00000000       .debug$S                   0000000180000000     libmwmathutil:libmwmathutil.dll
 0000:00000000       .debug$S                   0000000180000000     libmwmathutil:libmwmathutil.dll
 0000:00000000       .debug$S                   0000000180000000     libmwmathutil:libmwmathutil.dll
 0000:00000000       .debug$S                   0000000180000000     libmwmathutil:libmwmathutil.dll
 0000:00000000       .debug$S                   0000000180000000     libmwmathutil:libmwmathutil.dll
 0000:00000000       .debug$S                   0000000180000000     libmwmathutil:libmwmathutil.dll
 0000:00000000       .debug$S                   0000000180000000     libmwmathutil:libmwmathutil.dll
 0000:00000000       .debug$S                   0000000180000000     libmwmathutil:libmwmathutil.dll
 0000:00000000       .debug$S                   0000000180000000     libmwmathutil:libmwmathutil.dll
 0000:00000000       .debug$S                   0000000180000000     libmwmathutil:libmwmathutil.dll
 0000:00000000       .debug$S                   0000000180000000     libmwmathutil:libmwmathutil.dll
 0000:00000000       .debug$S                   0000000180000000     libmx:libmx.dll
 0000:00000000       .debug$S                   0000000180000000     libmx:libmx.dll
 0000:00000000       .debug$S                   0000000180000000     libmx:libmx.dll
 0000:00000000       .debug$S                   0000000180000000     libmx:libmx.dll
 0000:00000000       .debug$S                   0000000180000000     libmx:libmx.dll
 0000:00000000       .debug$S                   0000000180000000     libmx:libmx.dll
 0000:00000000       .debug$S                   0000000180000000     libmx:libmx.dll
 0000:00000000       .debug$S                   0000000180000000     libmx:libmx.dll
 0000:00000000       .debug$S                   0000000180000000     libmx:libmx.dll
 0000:00000000       .debug$S                   0000000180000000     libmx:libmx.dll
 0000:00000000       .debug$S                   0000000180000000     libmx:libmx.dll
 0000:00000000       .debug$S                   0000000180000000     libmx:libmx.dll
 0000:00000000       .debug$S                   0000000180000000     libmx:libmx.dll
 0000:00000000       .debug$S                   0000000180000000     libmx:libmx.dll
 0000:00000000       .debug$S                   0000000180000000     libmx:libmx.dll
 0000:00000000       .debug$S                   0000000180000000     libmx:libmx.dll
 0000:00000000       .debug$S                   0000000180000000     libmx:libmx.dll
 0000:00000000       .debug$S                   0000000180000000     libmx:libmx.dll
 0000:00000000       .debug$S                   0000000180000000     libmx:libmx.dll
 0000:00000000       .debug$S                   0000000180000000     libmx:libmx.dll
 0000:00000010       _volmd                     0000000180000010     Scheme4_cgxe_registry.obj
 0000:00000010       _volmd                     0000000180000010     m_F6Yw7f4GZAlqQDbENKozUG.obj
 0000:00000020       _volmd                     0000000180000020     Scheme4_cgxe_registry.obj
 0000:00000020       _volmd                     0000000180000020     m_F6Yw7f4GZAlqQDbENKozUG.obj
 0000:00000030       _volmd                     0000000180000030     Scheme4_cgxe_registry.obj
 0000:00000030       _volmd                     0000000180000030     m_F6Yw7f4GZAlqQDbENKozUG.obj
 0000:00000040       _volmd                     0000000180000040     Scheme4_cgxe_registry.obj
 0000:00000040       _volmd                     0000000180000040     m_F6Yw7f4GZAlqQDbENKozUG.obj
 0000:00000050       _volmd                     0000000180000050     Scheme4_cgxe_registry.obj
 0000:00000050       _volmd                     0000000180000050     m_F6Yw7f4GZAlqQDbENKozUG.obj
 0000:00000060       _volmd                     0000000180000060     Scheme4_cgxe_registry.obj
 0000:00000060       _volmd                     0000000180000060     m_F6Yw7f4GZAlqQDbENKozUG.obj
 0000:00000070       _volmd                     0000000180000070     Scheme4_cgxe_registry.obj
 0000:00000070       _volmd                     0000000180000070     m_F6Yw7f4GZAlqQDbENKozUG.obj
 0000:00000080       _volmd                     0000000180000080     Scheme4_cgxe_registry.obj
 0000:00000080       _volmd                     0000000180000080     m_F6Yw7f4GZAlqQDbENKozUG.obj
 0000:00000090       _volmd                     0000000180000090     Scheme4_cgxe_registry.obj
 0000:00000090       _volmd                     0000000180000090     m_F6Yw7f4GZAlqQDbENKozUG.obj
 0000:000000a0       _volmd                     00000001800000a0     Scheme4_cgxe_registry.obj
 0000:000000a0       _volmd                     00000001800000a0     m_F6Yw7f4GZAlqQDbENKozUG.obj
 0000:000000b0       _volmd                     00000001800000b0     Scheme4_cgxe_registry.obj
 0000:000000c0       _volmd                     00000001800000c0     Scheme4_cgxe_registry.obj
 0000:000000d0       _volmd                     00000001800000d0     Scheme4_cgxe_registry.obj
 0000:000000e0       _volmd                     00000001800000e0     Scheme4_cgxe_registry.obj
 0001:000000d0       localtime                  00000001800010d0 f   m_F6Yw7f4GZAlqQDbENKozUG.obj
 0001:000000f0       time                       00000001800010f0 f   m_F6Yw7f4GZAlqQDbENKozUG.obj
 0001:00000160       cgxe_mdl_start             0000000180001160 f   m_F6Yw7f4GZAlqQDbENKozUG.obj
 0001:00000250       cgxe_mdl_initialize        0000000180001250 f   m_F6Yw7f4GZAlqQDbENKozUG.obj
 0001:00000330       cgxe_mdl_outputs           0000000180001330 f   m_F6Yw7f4GZAlqQDbENKozUG.obj
 0001:00000460       cgxe_mdl_update            0000000180001460 f   m_F6Yw7f4GZAlqQDbENKozUG.obj
 0001:00000470       cgxe_mdl_derivative        0000000180001470 f   m_F6Yw7f4GZAlqQDbENKozUG.obj
 0001:00000480       cgxe_mdl_enable            0000000180001480 f   m_F6Yw7f4GZAlqQDbENKozUG.obj
 0001:00000490       cgxe_mdl_disable           0000000180001490 f   m_F6Yw7f4GZAlqQDbENKozUG.obj
 0001:000004a0       cgxe_mdl_terminate         00000001800014a0 f   m_F6Yw7f4GZAlqQDbENKozUG.obj
 0001:000004f0       mw__internal__system__init__fcn 00000001800014f0 f   m_F6Yw7f4GZAlqQDbENKozUG.obj
 0001:00000620       mw__internal__call__setup  0000000180001620 f   m_F6Yw7f4GZAlqQDbENKozUG.obj
 0001:00000850       AWGNChannelBase_set_SNR    0000000180001850 f   m_F6Yw7f4GZAlqQDbENKozUG.obj
 0001:00000b80       AWGNChannelBase_set_SignalPower 0000000180001b80 f   m_F6Yw7f4GZAlqQDbENKozUG.obj
 0001:000013d0       SystemCore_setup           00000001800023d0 f   m_F6Yw7f4GZAlqQDbENKozUG.obj
 0001:00002020       now                        0000000180003020 f   m_F6Yw7f4GZAlqQDbENKozUG.obj
 0001:00002450       b_mod                      0000000180003450 f   m_F6Yw7f4GZAlqQDbENKozUG.obj
 0001:00002510       mt19937ar_reset            0000000180003510 f   m_F6Yw7f4GZAlqQDbENKozUG.obj
 0001:000025e0       AWGNChannelBase_getStandardDeviation 00000001800035e0 f   m_F6Yw7f4GZAlqQDbENKozUG.obj
 0001:00002920       SystemCore_checkTunablePropChange 0000000180003920 f   m_F6Yw7f4GZAlqQDbENKozUG.obj
 0001:00002b20       mw__internal__call__reset  0000000180003b20 f   m_F6Yw7f4GZAlqQDbENKozUG.obj
 0001:00003200       mw__internal__call__step   0000000180004200 f   m_F6Yw7f4GZAlqQDbENKozUG.obj
 0001:00003f30       complexLike                0000000180004f30 f   m_F6Yw7f4GZAlqQDbENKozUG.obj
 0001:000047d0       genrandu                   00000001800057d0 f   m_F6Yw7f4GZAlqQDbENKozUG.obj
 0001:00004880       eml_rand_mt19937ar_stateful 0000000180005880 f   m_F6Yw7f4GZAlqQDbENKozUG.obj
 0001:000049e0       message                    00000001800059e0 f   m_F6Yw7f4GZAlqQDbENKozUG.obj
 0001:00004a80       getString                  0000000180005a80 f   m_F6Yw7f4GZAlqQDbENKozUG.obj
 0001:00004af0       error                      0000000180005af0 f   m_F6Yw7f4GZAlqQDbENKozUG.obj
 0001:00004b80       b_message                  0000000180005b80 f   m_F6Yw7f4GZAlqQDbENKozUG.obj
 0001:00004bf0       genrandn                   0000000180005bf0 f   m_F6Yw7f4GZAlqQDbENKozUG.obj
 0001:00005100       eml_rand_mt19937ar         0000000180006100 f   m_F6Yw7f4GZAlqQDbENKozUG.obj
 0001:000053d0       genrand_uint32_vector      00000001800063d0 f   m_F6Yw7f4GZAlqQDbENKozUG.obj
 0001:00005680       b_genrandu                 0000000180006680 f   m_F6Yw7f4GZAlqQDbENKozUG.obj
 0001:000059c0       init_simulink_io_address   00000001800069c0 f   m_F6Yw7f4GZAlqQDbENKozUG.obj
 0001:00005a30       mdlOutputs_F6Yw7f4GZAlqQDbENKozUG 0000000180006a30 f   m_F6Yw7f4GZAlqQDbENKozUG.obj
 0001:00005a70       mdlInitialize_F6Yw7f4GZAlqQDbENKozUG 0000000180006a70 f   m_F6Yw7f4GZAlqQDbENKozUG.obj
 0001:00005aa0       mdlUpdate_F6Yw7f4GZAlqQDbENKozUG 0000000180006aa0 f   m_F6Yw7f4GZAlqQDbENKozUG.obj
 0001:00005ae0       mdlDerivatives_F6Yw7f4GZAlqQDbENKozUG 0000000180006ae0 f   m_F6Yw7f4GZAlqQDbENKozUG.obj
 0001:00005b10       mdlTerminate_F6Yw7f4GZAlqQDbENKozUG 0000000180006b10 f   m_F6Yw7f4GZAlqQDbENKozUG.obj
 0001:00005b50       mdlEnable_F6Yw7f4GZAlqQDbENKozUG 0000000180006b50 f   m_F6Yw7f4GZAlqQDbENKozUG.obj
 0001:00005b80       mdlDisable_F6Yw7f4GZAlqQDbENKozUG 0000000180006b80 f   m_F6Yw7f4GZAlqQDbENKozUG.obj
 0001:00005bb0       mdlStart_F6Yw7f4GZAlqQDbENKozUG 0000000180006bb0 f   m_F6Yw7f4GZAlqQDbENKozUG.obj
 0001:00005cc0       mdlProcessParameters_F6Yw7f4GZAlqQDbENKozUG 0000000180006cc0 f   m_F6Yw7f4GZAlqQDbENKozUG.obj
 0001:00007d9c       $LN147                     0000000180008d9c     Scheme4_cgxe_registry.obj
 0001:00008c04       $LN22                      0000000180009c04     Scheme4_cgxe_registry.obj
 0001:00009304       $LN26                      000000018000a304     Scheme4_cgxe_registry.obj
 0001:000099e4       $LN24                      000000018000a9e4     Scheme4_cgxe_registry.obj
 0001:0000a71c       $LN30                      000000018000b71c     Scheme4_cgxe_registry.obj
 0001:0000d100       mdlStart                   000000018000e100 f   Scheme4_cgxe_registry.obj
 0001:0000d140       mdlInitializeConditions    000000018000e140 f   Scheme4_cgxe_registry.obj
 0001:0000d160       mdlUpdate                  000000018000e160 f   Scheme4_cgxe_registry.obj
 0001:0000d190       mdlOutputs                 000000018000e190 f   Scheme4_cgxe_registry.obj
 0001:0000d1c0       mdlTerminate               000000018000e1c0 f   Scheme4_cgxe_registry.obj
 0001:0000d1e0       mdlInitializeSizes         000000018000e1e0 f   Scheme4_cgxe_registry.obj
 0001:0000d1f0       mdlInitializeSampleTimes   000000018000e1f0 f   Scheme4_cgxe_registry.obj
 0001:0000d200       cgxe_get_supported_modules 000000018000e200 f   Scheme4_cgxe_registry.obj
 0001:0000d2d0       cgxe_process_get_checksums 000000018000e2d0 f   Scheme4_cgxe_registry.obj
 0001:0000d660       cgxe_mex_unlock_call       000000018000e660 f   Scheme4_cgxe_registry.obj
 0001:0000d6a0       cgxe_unpack_simstruct      000000018000e6a0 f   Scheme4_cgxe_registry.obj
 0001:0000d740       cgxe_get_sim_state         000000018000e740 f   Scheme4_cgxe_registry.obj
 0001:0000d7b0       cgxe_set_sim_state         000000018000e7b0 f   Scheme4_cgxe_registry.obj
 0001:0000d830       cgxe_get_BuildInfoUpdate   000000018000e830 f   Scheme4_cgxe_registry.obj
 0001:0000d900       cgxe_get_fallback_info     000000018000e900 f   Scheme4_cgxe_registry.obj
 0001:0000d9d0       ProcessMexSfunctionCmdLineCall 000000018000e9d0 f   Scheme4_cgxe_registry.obj
 0001:0000dc00       mdlZeroCrossings           000000018000ec00 f   Scheme4_cgxe_registry.obj
 0001:0000dc50       mdlGetTimeOfNextVarHit     000000018000ec50 f   Scheme4_cgxe_registry.obj
 0001:0000dca0       _RegNumInputPortsCB        000000018000eca0 f   Scheme4_cgxe_registry.obj
 0001:0000dd20       _RegNumOutputPortsCB       000000018000ed20 f   Scheme4_cgxe_registry.obj
 0001:0000dda0       _CreateSimStruct           000000018000eda0 f   Scheme4_cgxe_registry.obj
 0001:0000dfd0       _ProcessMexSfunctionCmdLineCall 000000018000efd0 f   Scheme4_cgxe_registry.obj
 0001:0000e960       ReportIndexOutOfBoundsError 000000018000f960 f   Scheme4_cgxe_registry.obj
 0001:0000f054       capture_current_context    0000000180010054 f   MSVCRT:gs_report.obj
 0001:0000f0c4       capture_previous_context   00000001800100c4 f   MSVCRT:gs_report.obj
 0001:0000f1c0       $$000000                   00000001800101c0     MSVCRT:amdsecgs.obj
 0001:0000f1f0       ?dllmain_crt_dispatch@@YAHQEAUHINSTANCE__@@KQEAX@Z 00000001800101f0 f   MSVCRT:dll_dllmain.obj
 0001:0000f240       ?dllmain_crt_process_attach@@YAHQEAUHINSTANCE__@@QEAX@Z 0000000180010240 f   MSVCRT:dll_dllmain.obj
 0001:0000f358       ?dllmain_crt_process_detach@@YAH_N@Z 0000000180010358 f   MSVCRT:dll_dllmain.obj
 0001:0000f3dc       ?dllmain_dispatch@@YAHQEAUHINSTANCE__@@KQEAX@Z 00000001800103dc f   MSVCRT:dll_dllmain.obj
 0001:0000f510       ?dllmain_raw@@YAHQEAUHINSTANCE__@@KQEAX@Z 0000000180010510 f   MSVCRT:dll_dllmain.obj
 0001:0000f574       __get_entropy              0000000180010574 f   MSVCRT:gs_support.obj
 0001:0000f704       ?find_pe_section@@YAPEAU_IMAGE_SECTION_HEADER@@QEAE_K@Z 0000000180010704 f   MSVCRT:utility.obj
 0001:0000f758       ?is_potentially_valid_image_base@@YA_NQEAX@Z 0000000180010758 f   MSVCRT:utility.obj
 0001:0000fea0       __castguard_check_failure_os_handled_wrapper 0000000180010ea0 f   MSVCRT:guard_support.obj
 0001:0000fec0       __castguard_compat_check   0000000180010ec0 f   MSVCRT:guard_support.obj
 0001:0000ffa8       __castguard_slow_path_compat_check 0000000180010fa8 f   MSVCRT:guard_support.obj
 0001:000102c0       $$000000                   00000001800112c0     MSVCRT:guard_dispatch.obj
 0001:000102e0       $$000000                   00000001800112e0     MSVCRT:guard_xfg_dispatch.obj
 0001:000102f6       ?fin$0@?0??dllmain_crt_process_attach@@YAHQEAUHINSTANCE__@@QEAX@Z@4HA 00000001800112f6 f   MSVCRT:dll_dllmain.obj
 0001:0001030d       ?fin$0@?0??dllmain_crt_process_detach@@YAH_N@Z@4HA 000000018001130d f   MSVCRT:dll_dllmain.obj
 0001:00010326       ?fin$1@?0??dllmain_crt_process_detach@@YAH_N@Z@4HA 0000000180011326 f   MSVCRT:dll_dllmain.obj
 0001:0001033a       ?filt$0@?0??dllmain_dispatch@@YAHQEAUHINSTANCE__@@KQEAX@Z@4HA 000000018001133a f   MSVCRT:dll_dllmain.obj
 0001:00010370       __scrt_is_nonwritable_in_current_image$filt$0 0000000180011370 f   MSVCRT:utility.obj
 0002:000003c0       ?iv@?1??AWGNChannelBase_set_SNR@@9@9 00000001800123c0     m_F6Yw7f4GZAlqQDbENKozUG.obj
 0002:000003c8       ?iv1@?1??AWGNChannelBase_set_SNR@@9@9 00000001800123c8     m_F6Yw7f4GZAlqQDbENKozUG.obj
 0002:000003d0       ?iv2@?1??AWGNChannelBase_set_SNR@@9@9 00000001800123d0     m_F6Yw7f4GZAlqQDbENKozUG.obj
 0002:000003d8       ?iv@?1??AWGNChannelBase_set_SignalPower@@9@9 00000001800123d8     m_F6Yw7f4GZAlqQDbENKozUG.obj
 0002:000003e0       ?iv1@?1??AWGNChannelBase_set_SignalPower@@9@9 00000001800123e0     m_F6Yw7f4GZAlqQDbENKozUG.obj
 0002:000003e8       ?iv2@?1??AWGNChannelBase_set_SignalPower@@9@9 00000001800123e8     m_F6Yw7f4GZAlqQDbENKozUG.obj
 0002:000003f0       ?iv3@?1??AWGNChannelBase_set_SignalPower@@9@9 00000001800123f0     m_F6Yw7f4GZAlqQDbENKozUG.obj
 0002:000003f8       ?iv4@?1??AWGNChannelBase_set_SignalPower@@9@9 00000001800123f8     m_F6Yw7f4GZAlqQDbENKozUG.obj
 0002:00000400       ?iv5@?1??AWGNChannelBase_set_SignalPower@@9@9 0000000180012400     m_F6Yw7f4GZAlqQDbENKozUG.obj
 0002:00000408       ?iv6@?1??AWGNChannelBase_set_SignalPower@@9@9 0000000180012408     m_F6Yw7f4GZAlqQDbENKozUG.obj
 0002:00000410       ?iv7@?1??AWGNChannelBase_set_SignalPower@@9@9 0000000180012410     m_F6Yw7f4GZAlqQDbENKozUG.obj
 0002:00000418       ?iv8@?1??AWGNChannelBase_set_SignalPower@@9@9 0000000180012418     m_F6Yw7f4GZAlqQDbENKozUG.obj
 0002:00000420       ?iv@?1??SystemCore_setup@@9@9 0000000180012420     m_F6Yw7f4GZAlqQDbENKozUG.obj
 0002:00000428       ?iv1@?1??SystemCore_setup@@9@9 0000000180012428     m_F6Yw7f4GZAlqQDbENKozUG.obj
 0002:00000430       ?iv2@?1??SystemCore_setup@@9@9 0000000180012430     m_F6Yw7f4GZAlqQDbENKozUG.obj
 0002:00000438       ?iv3@?1??SystemCore_setup@@9@9 0000000180012438     m_F6Yw7f4GZAlqQDbENKozUG.obj
 0002:00000440       ?iv4@?1??SystemCore_setup@@9@9 0000000180012440     m_F6Yw7f4GZAlqQDbENKozUG.obj
 0002:00000448       ?iv5@?1??SystemCore_setup@@9@9 0000000180012448     m_F6Yw7f4GZAlqQDbENKozUG.obj
 0002:00000450       ?iv6@?1??SystemCore_setup@@9@9 0000000180012450     m_F6Yw7f4GZAlqQDbENKozUG.obj
 0002:00000458       ?iv@?1??AWGNChannelBase_getStandardDeviation@@9@9 0000000180012458     m_F6Yw7f4GZAlqQDbENKozUG.obj
 0002:00000460       ?iv1@?1??AWGNChannelBase_getStandardDeviation@@9@9 0000000180012460     m_F6Yw7f4GZAlqQDbENKozUG.obj
 0002:00000468       ?iv2@?1??AWGNChannelBase_getStandardDeviation@@9@9 0000000180012468     m_F6Yw7f4GZAlqQDbENKozUG.obj
 0002:00000470       ?iv@?1??SystemCore_checkTunablePropChange@@9@9 0000000180012470     m_F6Yw7f4GZAlqQDbENKozUG.obj
 0002:00000478       ?iv1@?1??SystemCore_checkTunablePropChange@@9@9 0000000180012478     m_F6Yw7f4GZAlqQDbENKozUG.obj
 0002:00000480       ?iv@?1??mw__internal__call__reset@@9@9 0000000180012480     m_F6Yw7f4GZAlqQDbENKozUG.obj
 0002:00000488       ?iv1@?1??mw__internal__call__reset@@9@9 0000000180012488     m_F6Yw7f4GZAlqQDbENKozUG.obj
 0002:00000490       ?iv2@?1??mw__internal__call__reset@@9@9 0000000180012490     m_F6Yw7f4GZAlqQDbENKozUG.obj
 0002:00000498       ?iv3@?1??mw__internal__call__reset@@9@9 0000000180012498     m_F6Yw7f4GZAlqQDbENKozUG.obj
 0002:000004a0       ?iv4@?1??mw__internal__call__reset@@9@9 00000001800124a0     m_F6Yw7f4GZAlqQDbENKozUG.obj
 0002:000004a8       ?iv@?1??mw__internal__call__step@@9@9 00000001800124a8     m_F6Yw7f4GZAlqQDbENKozUG.obj
 0002:000004b0       ?iv1@?1??mw__internal__call__step@@9@9 00000001800124b0     m_F6Yw7f4GZAlqQDbENKozUG.obj
 0002:000004b8       ?iv2@?1??mw__internal__call__step@@9@9 00000001800124b8     m_F6Yw7f4GZAlqQDbENKozUG.obj
[...]
 0003:00002e48       $SG23996                   0000000180017e48     m_F6Yw7f4GZAlqQDbENKozUG.obj
 0003:00002e50       $SG24007                   0000000180017e50     m_F6Yw7f4GZAlqQDbENKozUG.obj
 0003:00002e60       $SG24031                   0000000180017e60     m_F6Yw7f4GZAlqQDbENKozUG.obj
 0003:00002e68       ?c_u@?1??b_genrandu@@9@9   0000000180017e68     m_F6Yw7f4GZAlqQDbENKozUG.obj
 0003:00002e90       ?dv@?1??genrandn@@9@9      0000000180017e90     m_F6Yw7f4GZAlqQDbENKozUG.obj
 0003:00003098       $SG24291                   0000000180018098     m_F6Yw7f4GZAlqQDbENKozUG.obj
 0003:000030b0       ?dv@?1??eml_rand_mt19937ar@@9@9 00000001800180b0     m_F6Yw7f4GZAlqQDbENKozUG.obj
 0003:000038b8       $SG24292                   00000001800188b8     m_F6Yw7f4GZAlqQDbENKozUG.obj
 0003:000038d0       ?dv1@?1??eml_rand_mt19937ar@@9@9 00000001800188d0     m_F6Yw7f4GZAlqQDbENKozUG.obj
 0003:000040d8       $SG24277                   00000001800190d8     m_F6Yw7f4GZAlqQDbENKozUG.obj
 0003:000040e8       $SG24278                   00000001800190e8     m_F6Yw7f4GZAlqQDbENKozUG.obj
 0003:000040f8       $SG24289                   00000001800190f8     m_F6Yw7f4GZAlqQDbENKozUG.obj
 0003:00004108       $SG24293                   0000000180019108     m_F6Yw7f4GZAlqQDbENKozUG.obj
 0003:00004118       $SG21232                   0000000180019118     Scheme4_cgxe_registry.obj
 0003:00004148       $SG21237                   0000000180019148     Scheme4_cgxe_registry.obj
 0003:00004188       $SG21244                   0000000180019188     Scheme4_cgxe_registry.obj
 0003:000041bc       $SG21301                   00000001800191bc     Scheme4_cgxe_registry.obj
 0003:000041c4       $SG21305                   00000001800191c4     Scheme4_cgxe_registry.obj
 0003:000041cc       $SG23170                   00000001800191cc     Scheme4_cgxe_registry.obj
 0003:000041d0       $SG21251                   00000001800191d0     Scheme4_cgxe_registry.obj
 0003:00004204       $SG21311                   0000000180019204     Scheme4_cgxe_registry.obj
 0003:0000420c       $SG23251                   000000018001920c     Scheme4_cgxe_registry.obj
 0003:00004210       $SG21256                   0000000180019210     Scheme4_cgxe_registry.obj
 0003:00004248       $SG21299                   0000000180019248     Scheme4_cgxe_registry.obj
 0003:00004250       $SG21303                   0000000180019250     Scheme4_cgxe_registry.obj
 0003:00004260       $SG21307                   0000000180019260     Scheme4_cgxe_registry.obj
 0003:00004268       $SG21308                   0000000180019268     Scheme4_cgxe_registry.obj
 0003:00004270       $SG21309                   0000000180019270     Scheme4_cgxe_registry.obj
 0003:00004278       $SG21310                   0000000180019278     Scheme4_cgxe_registry.obj
 0003:00004288       $SG21312                   0000000180019288     Scheme4_cgxe_registry.obj
 0003:00004290       $SG21357                   0000000180019290     Scheme4_cgxe_registry.obj
 0003:000042c0       $SG21372                   00000001800192c0     Scheme4_cgxe_registry.obj
 0003:000042f0       $SG21390                   00000001800192f0     Scheme4_cgxe_registry.obj
 0003:00004308       $SG21408                   0000000180019308     Scheme4_cgxe_registry.obj
 0003:00004320       $SG21426                   0000000180019320     Scheme4_cgxe_registry.obj
 0003:00004330       $SG21428                   0000000180019330     Scheme4_cgxe_registry.obj
 0003:00004340       $SG21430                   0000000180019340     Scheme4_cgxe_registry.obj
 0003:00004350       $SG21432                   0000000180019350     Scheme4_cgxe_registry.obj
 0003:00004360       $SG21434                   0000000180019360     Scheme4_cgxe_registry.obj
 0003:00004378       $SG21436                   0000000180019378     Scheme4_cgxe_registry.obj
 0003:00004390       $SG21450                   0000000180019390     Scheme4_cgxe_registry.obj
 0003:000043b8       _sfcnName                  00000001800193b8     Scheme4_cgxe_registry.obj
 0003:000043e0       $SG21467                   00000001800193e0     Scheme4_cgxe_registry.obj
 0003:00004458       $SG21876                   0000000180019458     Scheme4_cgxe_registry.obj
 0003:00004468       $SG21891                   0000000180019468     Scheme4_cgxe_registry.obj
 0003:00004478       $SG22083                   0000000180019478     Scheme4_cgxe_registry.obj
 0003:00004480       $SG21472                   0000000180019480     Scheme4_cgxe_registry.obj
 0003:000044f8       $SG21877                   00000001800194f8     Scheme4_cgxe_registry.obj
 0003:00004508       $SG22081                   0000000180019508     Scheme4_cgxe_registry.obj
 0003:00004548       $SG22082                   0000000180019548     Scheme4_cgxe_registry.obj
 0003:00004558       $SG22089                   0000000180019558     Scheme4_cgxe_registry.obj
 0003:00004560       $SG22087                   0000000180019560     Scheme4_cgxe_registry.obj
 0003:000045a8       $SG22088                   00000001800195a8     Scheme4_cgxe_registry.obj
 0003:000045b8       $SG22092                   00000001800195b8     Scheme4_cgxe_registry.obj
 0003:000045c0       $SG22090                   00000001800195c0     Scheme4_cgxe_registry.obj
 0003:00004618       $SG22091                   0000000180019618     Scheme4_cgxe_registry.obj
 0003:00004628       $SG22114                   0000000180019628     Scheme4_cgxe_registry.obj
 0003:00004668       $SG22115                   0000000180019668     Scheme4_cgxe_registry.obj
 0003:00004678       $SG22116                   0000000180019678     Scheme4_cgxe_registry.obj
 0003:00004680       $SG22120                   0000000180019680     Scheme4_cgxe_registry.obj
 0003:000046c8       $SG22121                   00000001800196c8     Scheme4_cgxe_registry.obj
 0003:000046d8       $SG22122                   00000001800196d8     Scheme4_cgxe_registry.obj
 0003:000046e0       $SG22123                   00000001800196e0     Scheme4_cgxe_registry.obj
 0003:00004738       $SG22124                   0000000180019738     Scheme4_cgxe_registry.obj
 0003:00004748       $SG22125                   0000000180019748     Scheme4_cgxe_registry.obj
 0003:00004750       $SG22149                   0000000180019750     Scheme4_cgxe_registry.obj
 0003:000047a0       $SG22150                   00000001800197a0     Scheme4_cgxe_registry.obj
 0003:000047b0       $SG22151                   00000001800197b0     Scheme4_cgxe_registry.obj
 0003:000047b8       $SG22164                   00000001800197b8     Scheme4_cgxe_registry.obj
 0003:000047c0       $SG22163                   00000001800197c0     Scheme4_cgxe_registry.obj
 0003:00004820       $SG22165                   0000000180019820     Scheme4_cgxe_registry.obj
 0003:00004828       $SG22178                   0000000180019828     Scheme4_cgxe_registry.obj
 0003:00004830       $SG22177                   0000000180019830     Scheme4_cgxe_registry.obj
 0003:00004890       $SG22179                   0000000180019890     Scheme4_cgxe_registry.obj
 0003:00004898       $SG23154                   0000000180019898     Scheme4_cgxe_registry.obj
 0003:000048b0       $SG22532                   00000001800198b0     Scheme4_cgxe_registry.obj
 0003:00004928       $SG23225                   0000000180019928     Scheme4_cgxe_registry.obj
 0003:00004930       $SG22535                   0000000180019930     Scheme4_cgxe_registry.obj
 0003:000049a4       $SG23226                   00000001800199a4     Scheme4_cgxe_registry.obj
 0003:000049b0       $SG22540                   00000001800199b0     Scheme4_cgxe_registry.obj
 0003:00004a28       $SG23227                   0000000180019a28     Scheme4_cgxe_registry.obj
 0003:00004a30       $SG22548                   0000000180019a30     Scheme4_cgxe_registry.obj
 0003:00004aa0       $SG22823                   0000000180019aa0     Scheme4_cgxe_registry.obj
 0003:00004b18       $SG23233                   0000000180019b18     Scheme4_cgxe_registry.obj
 0003:00004b20       $SG22828                   0000000180019b20     Scheme4_cgxe_registry.obj
 0003:00004b98       $SG23236                   0000000180019b98     Scheme4_cgxe_registry.obj
 0003:00004ba0       $SG23167                   0000000180019ba0     Scheme4_cgxe_registry.obj
 0003:00004c18       $SG23239                   0000000180019c18     Scheme4_cgxe_registry.obj
 0003:00004c20       $SG23228                   0000000180019c20     Scheme4_cgxe_registry.obj
 0003:00004c98       $SG23245                   0000000180019c98     Scheme4_cgxe_registry.obj
 0003:00004ca0       $SG23230                   0000000180019ca0     Scheme4_cgxe_registry.obj
 0003:00004d20       $SG23240                   0000000180019d20     Scheme4_cgxe_registry.obj
 0003:00004da0       $SG23241                   0000000180019da0     Scheme4_cgxe_registry.obj
 0003:00004db0       $SG23243                   0000000180019db0     Scheme4_cgxe_registry.obj
 0003:00004dbc       $SG23247                   0000000180019dbc     Scheme4_cgxe_registry.obj
 0003:00004dc8       $SG23249                   0000000180019dc8     Scheme4_cgxe_registry.obj
 0003:00004dd8       $SG23372                   0000000180019dd8     Scheme4_cgxe_registry.obj
 0003:00004e08       $SG23374                   0000000180019e08     Scheme4_cgxe_registry.obj
 0003:00004e10       $SG23254                   0000000180019e10     Scheme4_cgxe_registry.obj
 0003:00004ef8       $SG23373                   0000000180019ef8     Scheme4_cgxe_registry.obj
 0003:00004f08       $SG23376                   0000000180019f08     Scheme4_cgxe_registry.obj
 0003:00004f40       $SG23377                   0000000180019f40     Scheme4_cgxe_registry.obj
 0003:00004f50       $SG23378                   0000000180019f50     Scheme4_cgxe_registry.obj
 0003:00004f58       $SG23381                   0000000180019f58     Scheme4_cgxe_registry.obj
 0003:00004f90       $SG23382                   0000000180019f90     Scheme4_cgxe_registry.obj
 0003:00004fa0       $SG23383                   0000000180019fa0     Scheme4_cgxe_registry.obj
 0003:00004fa8       $SG23385                   0000000180019fa8     Scheme4_cgxe_registry.obj
 0003:00004fe0       $SG23386                   0000000180019fe0     Scheme4_cgxe_registry.obj
 0003:00004ff0       $SG23387                   0000000180019ff0     Scheme4_cgxe_registry.obj
 0003:00004ff8       $SG23389                   0000000180019ff8     Scheme4_cgxe_registry.obj
 0003:00005030       $SG23390                   000000018001a030     Scheme4_cgxe_registry.obj
 0003:00005040       $SG23391                   000000018001a040     Scheme4_cgxe_registry.obj
 0003:00005048       $SG23394                   000000018001a048     Scheme4_cgxe_registry.obj
 0003:00005058       $SG23396                   000000018001a058     Scheme4_cgxe_registry.obj
 0003:00005070       $SG23397                   000000018001a070     Scheme4_cgxe_registry.obj
 0003:000050a8       $SG23398                   000000018001a0a8     Scheme4_cgxe_registry.obj
 0003:000050b8       $SG23399                   000000018001a0b8     Scheme4_cgxe_registry.obj
 0003:000050c0       $SG23534                   000000018001a0c0     Scheme4_cgxe_registry.obj
 0003:000050e0       $SG23535                   000000018001a0e0     Scheme4_cgxe_registry.obj
 0003:00005170       $SG23541                   000000018001a170     Scheme4_cgxe_registry.obj
 0003:00005188       $SG23548                   000000018001a188     Scheme4_cgxe_registry.obj
 0003:000051a0       $SG23542                   000000018001a1a0     Scheme4_cgxe_registry.obj
 0003:00005230       $SG23549                   000000018001a230     Scheme4_cgxe_registry.obj
 0003:000052c0       $SG23555                   000000018001a2c0     Scheme4_cgxe_registry.obj
 0003:000052e0       $SG23556                   000000018001a2e0     Scheme4_cgxe_registry.obj
 0003:00005370       $SG23562                   000000018001a370     Scheme4_cgxe_registry.obj
 0003:00005390       $SG23563                   000000018001a390     Scheme4_cgxe_registry.obj
 0003:00005420       $SG23567                   000000018001a420     Scheme4_cgxe_registry.obj
 0003:00005440       $SG23568                   000000018001a440     Scheme4_cgxe_registry.obj
 0003:000054d0       $SG23572                   000000018001a4d0     Scheme4_cgxe_registry.obj
 0003:000054f8       $SG23577                   000000018001a4f8     Scheme4_cgxe_registry.obj
 0003:00005520       $SG23573                   000000018001a520     Scheme4_cgxe_registry.obj
 0003:000055b0       $SG23578                   000000018001a5b0     Scheme4_cgxe_registry.obj
 0003:00005640       $SG23582                   000000018001a640     Scheme4_cgxe_registry.obj
 0003:00005660       $SG23583                   000000018001a660     Scheme4_cgxe_registry.obj
 0003:000056f0       $SG23587                   000000018001a6f0     Scheme4_cgxe_registry.obj
 0003:00005710       $SG23588                   000000018001a710     Scheme4_cgxe_registry.obj
 0003:000057a0       $SG23592                   000000018001a7a0     Scheme4_cgxe_registry.obj
 0003:000057b8       $SG23628                   000000018001a7b8     Scheme4_cgxe_registry.obj
 0003:000057d0       $SG23593                   000000018001a7d0     Scheme4_cgxe_registry.obj
 0003:00005860       $SG23597                   000000018001a860     Scheme4_cgxe_registry.obj
 0003:00005880       $SG23598                   000000018001a880     Scheme4_cgxe_registry.obj
 0003:00005910       $SG23602                   000000018001a910     Scheme4_cgxe_registry.obj
 0003:00005930       $SG23603                   000000018001a930     Scheme4_cgxe_registry.obj
 0003:000059c0       $SG23607                   000000018001a9c0     Scheme4_cgxe_registry.obj
 0003:000059e0       $SG23608                   000000018001a9e0     Scheme4_cgxe_registry.obj
 0003:00005a70       $SG23612                   000000018001aa70     Scheme4_cgxe_registry.obj
 0003:00005a90       $SG23613                   000000018001aa90     Scheme4_cgxe_registry.obj
 0003:00005b20       $SG23617                   000000018001ab20     Scheme4_cgxe_registry.obj
 0003:00005b40       $SG23618                   000000018001ab40     Scheme4_cgxe_registry.obj
 0003:00005bd0       $SG23622                   000000018001abd0     Scheme4_cgxe_registry.obj
 0003:00005bf0       $SG23623                   000000018001abf0     Scheme4_cgxe_registry.obj
 0003:00005c80       $SG23629                   000000018001ac80     Scheme4_cgxe_registry.obj
 0003:00005d10       $SG23634                   000000018001ad10     Scheme4_cgxe_registry.obj
 0003:00005d28       $SG23644                   000000018001ad28     Scheme4_cgxe_registry.obj
 0003:00005d40       $SG23635                   000000018001ad40     Scheme4_cgxe_registry.obj
 0003:00005dd0       $SG23639                   000000018001add0     Scheme4_cgxe_registry.obj
 0003:00005de0       $SG23640                   000000018001ade0     Scheme4_cgxe_registry.obj
 0003:00005e70       $SG23645                   000000018001ae70     Scheme4_cgxe_registry.obj
 0003:00005f00       $SG23653                   000000018001af00     Scheme4_cgxe_registry.obj
 0003:00005f10       $SG23654                   000000018001af10     Scheme4_cgxe_registry.obj
 0003:00005fa0       $SG23658                   000000018001afa0     Scheme4_cgxe_registry.obj
 0003:00006020       $SG23660                   000000018001b020     Scheme4_cgxe_registry.obj
 0003:00006098       $SG23707                   000000018001b098     Scheme4_cgxe_registry.obj
 0003:000060a8       $SG23788                   000000018001b0a8     Scheme4_cgxe_registry.obj
 0003:000060b0       $SG23664                   000000018001b0b0     Scheme4_cgxe_registry.obj
 0003:00006128       $SG23718                   000000018001b128     Scheme4_cgxe_registry.obj
 0003:00006138       $SG23789                   000000018001b138     Scheme4_cgxe_registry.obj
 0003:00006140       $SG23694                   000000018001b140     Scheme4_cgxe_registry.obj
 0003:00006258       $SG23731                   000000018001b258     Scheme4_cgxe_registry.obj
 0003:00006268       $SG23742                   000000018001b268     Scheme4_cgxe_registry.obj
 0003:00006278       $SG23755                   000000018001b278     Scheme4_cgxe_registry.obj
 0003:00006288       $SG23766                   000000018001b288     Scheme4_cgxe_registry.obj
 0003:00006298       $SG23776                   000000018001b298     Scheme4_cgxe_registry.obj
 0003:000062b8       $SG23787                   000000018001b2b8     Scheme4_cgxe_registry.obj
 0003:000062e8       $SG23800                   000000018001b2e8     Scheme4_cgxe_registry.obj
 0003:00006320       $SG23801                   000000018001b320     Scheme4_cgxe_registry.obj
 0003:00006328       $SG23802                   000000018001b328     Scheme4_cgxe_registry.obj
 0003:00006370       $SG22811                   000000018001b370     m_F6Yw7f4GZAlqQDbENKozUG.obj
 0003:00006371       $SG22812                   000000018001b371     m_F6Yw7f4GZAlqQDbENKozUG.obj
 0003:00006372       $SG22814                   000000018001b372     m_F6Yw7f4GZAlqQDbENKozUG.obj
 0003:00006373       $SG22815                   000000018001b373     m_F6Yw7f4GZAlqQDbENKozUG.obj
 0003:00006374       $SG22817                   000000018001b374     m_F6Yw7f4GZAlqQDbENKozUG.obj
 0003:00006375       $SG22818                   000000018001b375     m_F6Yw7f4GZAlqQDbENKozUG.obj
 0003:00006376       $SG22820                   000000018001b376     m_F6Yw7f4GZAlqQDbENKozUG.obj
 0003:00006377       $SG22821                   000000018001b377     m_F6Yw7f4GZAlqQDbENKozUG.obj
 0003:00006378       $SG22898                   000000018001b378     m_F6Yw7f4GZAlqQDbENKozUG.obj
 0003:00006379       $SG22899                   000000018001b379     m_F6Yw7f4GZAlqQDbENKozUG.obj
 0003:0000637a       $SG22901                   000000018001b37a     m_F6Yw7f4GZAlqQDbENKozUG.obj
 0003:0000637b       $SG22902                   000000018001b37b     m_F6Yw7f4GZAlqQDbENKozUG.obj
 0003:0000637c       $SG22904                   000000018001b37c     m_F6Yw7f4GZAlqQDbENKozUG.obj
 0003:0000637d       $SG22905                   000000018001b37d     m_F6Yw7f4GZAlqQDbENKozUG.obj
 0003:0000637e       $SG22907                   000000018001b37e     m_F6Yw7f4GZAlqQDbENKozUG.obj
 0003:0000637f       $SG22908                   000000018001b37f     m_F6Yw7f4GZAlqQDbENKozUG.obj
 0003:00006380       $SG24279                   000000018001b380     m_F6Yw7f4GZAlqQDbENKozUG.obj
 0003:00006381       $SG24280                   000000018001b381     m_F6Yw7f4GZAlqQDbENKozUG.obj
 0003:00006384       $SG23221                   000000018001b384     Scheme4_cgxe_registry.obj
 0003:00006386       ?warningGuard@?1??ssGetRootSS@@9@9 000000018001b386     Scheme4_cgxe_registry.obj
 0003:00006387       ?warningGuard@?1??ssGetParentSS@@9@9 000000018001b387     Scheme4_cgxe_registry.obj
 0003:00006390       GS_ExceptionRecord         000000018001b390     MSVCRT:gs_report.obj
 0003:00006430       GS_ContextRecord           000000018001b430     MSVCRT:gs_report.obj
 0003:00006900       ?__proc_attached@@3HA      000000018001b900     MSVCRT:dll_dllmain.obj
 0003:00006940       ?is_initialized_as_dll@@3_NA 000000018001b940     MSVCRT:utility.obj
 0003:00006941       ?module_local_atexit_table_initialized@@3_NA 000000018001b941     MSVCRT:utility.obj
 0003:00006948       ?module_local_atexit_table@@3U_onexit_table_t@@A 000000018001b948     MSVCRT:utility.obj
 0003:00006960       ?module_local_at_quick_exit_table@@3U_onexit_table_t@@A 000000018001b960     MSVCRT:utility.obj
